Component: ARM Compiler 5.06 update 6 (build 750) Tool: armlink [4d35ed]

==============================================================================

Section Cross References

    board.o(.text) refers to stm32f1xx_hal_cortex.o(.text) for HAL_NVIC_SetPriorityGrouping
    board.o(.text) refers to stm32f1xx_hal_rcc.o(.text) for HAL_RCC_OscConfig
    board.o(.text) refers to kservice.o(.text) for rt_assert_handler
    board.o(.text) refers to irq.o(.text) for rt_interrupt_enter
    board.o(.text) refers to stm32f1xx_hal.o(.text) for HAL_IncTick
    board.o(.text) refers to clock.o(.text) for rt_tick_increase
    board.o(.text) refers to mem.o(.text) for rt_system_heap_init
    board.o(.text) refers to components.o(.text) for rt_components_board_init
    board.o(.text) refers to board.o(.constdata) for __FUNCTION__
    board.o(.text) refers to board.o(.conststring) for .conststring
    drv_gpio.o(.text) refers to stm32f1xx_hal_gpio.o(.text) for HAL_GPIO_WritePin
    drv_gpio.o(.text) refers to context_rvds.o(.text) for rt_hw_interrupt_disable
    drv_gpio.o(.text) refers to stm32f1xx_hal_cortex.o(.text) for HAL_NVIC_SetPriority
    drv_gpio.o(.text) refers to drv_gpio.o(.constdata) for pins
    drv_gpio.o(.text) refers to drv_gpio.o(.data) for pin_irq_hdr_tab
    drv_gpio.o(.text) refers to pin.o(.text) for rt_device_pin_register
    drv_gpio.o(.text) refers to irq.o(.text) for rt_interrupt_enter
    drv_gpio.o(.constdata) refers to drv_gpio.o(.text) for GPIOE_CLK_ENABLE
    drv_gpio.o(.rti_fn.1) refers to drv_gpio.o(.text) for rt_hw_pin_init
    drv_usart.o(.text) refers to kservice.o(.text) for rt_assert_handler
    drv_usart.o(.text) refers to stm32f1xx_hal_uart.o(.text) for HAL_UART_Init
    drv_usart.o(.text) refers to serial.o(.text) for rt_hw_serial_isr
    drv_usart.o(.text) refers to irq.o(.text) for rt_interrupt_enter
    drv_usart.o(.text) refers to stm32f1xx_hal_gpio.o(.text) for HAL_GPIO_Init
    drv_usart.o(.text) refers to stm32f1xx_hal_cortex.o(.text) for HAL_NVIC_SetPriority
    drv_usart.o(.text) refers to drv_usart.o(.constdata) for __FUNCTION__
    drv_usart.o(.text) refers to drv_usart.o(.bss) for serial1
    drv_usart.o(.text) refers to drv_usart.o(.data) for uart1
    drv_usart.o(.constdata) refers to drv_usart.o(.text) for stm32_configure
    drv_usart.o(.rti_fn.1) refers to drv_usart.o(.text) for rt_hw_usart_init
    system_stm32f1xx.o(.text) refers to system_stm32f1xx.o(.data) for SystemCoreClock
    system_stm32f1xx.o(.text) refers to system_stm32f1xx.o(.constdata) for AHBPrescTable
    stm32f1xx_hal_gpio.o(.text) refers to drv_gpio.o(.text) for HAL_GPIO_EXTI_Callback
    stm32f1xx_hal_flash.o(.text) refers to stm32f1xx_hal.o(.text) for HAL_GetTick
    stm32f1xx_hal_flash.o(.text) refers to llushr.o(.text) for __aeabi_llsr
    stm32f1xx_hal_flash.o(.text) refers to stm32f1xx_hal_flash_ex.o(.text) for FLASH_PageErase
    stm32f1xx_hal_flash.o(.text) refers to stm32f1xx_hal_flash.o(.bss) for pFlash
    stm32f1xx_hal_flash.o(.text) refers to stm32f1xx_hal_cortex.o(.text) for HAL_NVIC_SystemReset
    stm32f1xx_hal_flash_ex.o(.text) refers to stm32f1xx_hal_flash.o(.text) for FLASH_WaitForLastOperation
    stm32f1xx_hal_flash_ex.o(.text) refers to stm32f1xx_hal_flash.o(.bss) for pFlash
    stm32f1xx_hal_dma.o(.text) refers to stm32f1xx_hal.o(.text) for HAL_GetTick
    stm32f1xx_hal_rcc.o(.text) refers to stm32f1xx_hal.o(.text) for HAL_GetTick
    stm32f1xx_hal_rcc.o(.text) refers to system_stm32f1xx.o(.data) for SystemCoreClock
    stm32f1xx_hal_rcc.o(.text) refers to stm32f1xx_hal_gpio.o(.text) for HAL_GPIO_Init
    stm32f1xx_hal_rcc.o(.text) refers to system_stm32f1xx.o(.constdata) for AHBPrescTable
    stm32f1xx_hal_rcc_ex.o(.text) refers to stm32f1xx_hal.o(.text) for HAL_GetTick
    stm32f1xx_hal_rcc_ex.o(.text) refers to stm32f1xx_hal_rcc.o(.text) for HAL_RCC_GetSysClockFreq
    stm32f1xx_hal_tim.o(.text) refers to stm32f1xx_hal_dma.o(.text) for HAL_DMA_Start_IT
    stm32f1xx_hal_tim.o(.text) refers to stm32f1xx_hal_tim_ex.o(.text) for HAL_TIMEx_BreakCallback
    stm32f1xx_hal_tim_ex.o(.text) refers to stm32f1xx_hal_tim.o(.text) for TIM_Base_SetConfig
    stm32f1xx_hal_tim_ex.o(.text) refers to stm32f1xx_hal_dma.o(.text) for HAL_DMA_Start_IT
    stm32f1xx_hal_uart.o(.text) refers to stm32f1xx_hal_rcc.o(.text) for HAL_RCC_GetPCLK2Freq
    stm32f1xx_hal_uart.o(.text) refers to drv_usart.o(.text) for HAL_UART_MspInit
    stm32f1xx_hal_uart.o(.text) refers to stm32f1xx_hal.o(.text) for HAL_GetTick
    stm32f1xx_hal_uart.o(.text) refers to stm32f1xx_hal_dma.o(.text) for HAL_DMA_Start_IT
    stm32f1xx_hal_usart.o(.text) refers to stm32f1xx_hal_rcc.o(.text) for HAL_RCC_GetPCLK2Freq
    stm32f1xx_hal_usart.o(.text) refers to stm32f1xx_hal.o(.text) for HAL_GetTick
    stm32f1xx_hal_usart.o(.text) refers to stm32f1xx_hal_dma.o(.text) for HAL_DMA_Start_IT
    stm32f1xx_hal.o(.text) refers to stm32f1xx_hal_cortex.o(.text) for HAL_SYSTICK_Config
[...]
    thread2_stack                            0x20004f9c   Data        1024  thread_sample.o(.bss)
    thread2                                  0x2000539c   Data         148  thread_sample.o(.bss)
    STACK                                    0x20005430   Section     1024  startup_stm32f103xe.o(STACK)

    Global Symbols

    Symbol Name                              Value     Ov Type        Size  Object(Section)

    BuildAttributes$$THM_ISAv4$P$D$K$B$S$PE$A:L22UL41UL21$X:L11$S22US41US21$IEEE1$IW$USESV6$~STKCKD$USESV7$~SHL$OSPACE$EBA8$MICROLIB$REQ8$PRES8$EABIv2 0x00000000   Number         0  anon$$obj.o ABSOLUTE
    __ARM_use_no_argv                        0x00000000   Number         0  main.o ABSOLUTE
    __cpp_initialize__aeabi_                  - Undefined Weak Reference
    __cxa_finalize                            - Undefined Weak Reference
    _clock_init                               - Undefined Weak Reference
    _microlib_exit                            - Undefined Weak Reference
    __Vectors_Size                           0x00000130   Number         0  startup_stm32f103xe.o ABSOLUTE
    __Vectors                                0x08000000   Data           4  startup_stm32f103xe.o(RESET)
    __Vectors_End                            0x08000130   Data           0  startup_stm32f103xe.o(RESET)
    __main                                   0x08000131   Thumb Code     0  entry.o(.ARM.Collect$$$$00000000)
    _main_stk                                0x08000131   Thumb Code     0  entry2.o(.ARM.Collect$$$$00000001)
    _main_scatterload                        0x08000135   Thumb Code     0  entry5.o(.ARM.Collect$$$$00000004)
    __main_after_scatterload                 0x08000139   Thumb Code     0  entry5.o(.ARM.Collect$$$$00000004)
    _main_clock                              0x08000139   Thumb Code     0  entry7b.o(.ARM.Collect$$$$00000008)
    _main_cpp_init                           0x08000139   Thumb Code     0  entry8b.o(.ARM.Collect$$$$0000000A)
    _main_init                               0x08000139   Thumb Code     0  entry9a.o(.ARM.Collect$$$$0000000B)
    __rt_final_cpp                           0x08000141   Thumb Code     0  entry10a.o(.ARM.Collect$$$$0000000D)
    __rt_final_exit                          0x08000141   Thumb Code     0  entry11a.o(.ARM.Collect$$$$0000000F)
    $Super$$main                             0x08000145   Thumb Code     4  main.o(.text)
    HAL_MspInit                              0x08000149   Thumb Code   140  board.o(.text)
    SystemClock_Config                       0x080001d5   Thumb Code   130  board.o(.text)
    SysTick_Handler                          0x08000257   Thumb Code    20  board.o(.text)
    rt_hw_board_init                         0x0800026b   Thumb Code    30  board.o(.text)
    NMI_Handler                              0x080002d9   Thumb Code     2  stm32f1xx_it.o(.text)
    MemManage_Handler                        0x080002db   Thumb Code     4  stm32f1xx_it.o(.text)
    BusFault_Handler                         0x080002df   Thumb Code     4  stm32f1xx_it.o(.text)
    UsageFault_Handler                       0x080002e3   Thumb Code     4  stm32f1xx_it.o(.text)
    DebugMon_Handler                         0x080002e7   Thumb Code     2  stm32f1xx_it.o(.text)
    get_pin                                  0x080003c9   Thumb Code    26  drv_gpio.o(.text)
    stm32_pin_write                          0x080003e3   Thumb Code    40  drv_gpio.o(.text)
    stm32_pin_read                           0x0800040b   Thumb Code    42  drv_gpio.o(.text)
    stm32_pin_mode                           0x08000435   Thumb Code   120  drv_gpio.o(.text)
    stm32_pin_attach_irq                     0x080004cb   Thumb Code   216  drv_gpio.o(.text)
    stm32_pin_dettach_irq                    0x080005a3   Thumb Code   134  drv_gpio.o(.text)
    stm32_pin_irq_enable                     0x08000629   Thumb Code   288  drv_gpio.o(.text)
    rt_hw_pin_init                           0x08000749   Thumb Code    18  drv_gpio.o(.text)
    HAL_GPIO_EXTI_Callback                   0x0800075b   Thumb Code    54  drv_gpio.o(.text)
    EXTI0_IRQHandler                         0x08000791   Thumb Code    18  drv_gpio.o(.text)
    EXTI1_IRQHandler                         0x080007a3   Thumb Code    18  drv_gpio.o(.text)
    EXTI2_IRQHandler                         0x080007b5   Thumb Code    18  drv_gpio.o(.text)
    EXTI3_IRQHandler                         0x080007c7   Thumb Code    18  drv_gpio.o(.text)
    EXTI4_IRQHandler                         0x080007d9   Thumb Code    18  drv_gpio.o(.text)
    EXTI9_5_IRQHandler                       0x080007eb   Thumb Code    46  drv_gpio.o(.text)
    EXTI15_10_IRQHandler                     0x08000819   Thumb Code    60  drv_gpio.o(.text)
    USART1_IRQHandler                        0x08000a1f   Thumb Code    18  drv_usart.o(.text)
    rt_hw_usart_init                         0x08000a63   Thumb Code    58  drv_usart.o(.text)
    HAL_UART_MspInit                         0x08000a9d   Thumb Code   366  drv_usart.o(.text)
    HAL_UART_MspDeInit                       0x08000c0b   Thumb Code   280  drv_usart.o(.text)
    SystemInit                               0x08000d31   Thumb Code    70  system_stm32f1xx.o(.text)
    SystemCoreClockUpdate                    0x08000d77   Thumb Code   142  system_stm32f1xx.o(.text)
    HAL_GPIO_Init                            0x08000e25   Thumb Code   790  stm32f1xx_hal_gpio.o(.text)
    HAL_GPIO_DeInit                          0x0800113b   Thumb Code   312  stm32f1xx_hal_gpio.o(.text)
    HAL_GPIO_ReadPin                         0x08001273   Thumb Code    16  stm32f1xx_hal_gpio.o(.text)
    HAL_GPIO_WritePin                        0x08001283   Thumb Code    12  stm32f1xx_hal_gpio.o(.text)
    HAL_GPIO_TogglePin                       0x0800128f   Thumb Code     8  stm32f1xx_hal_gpio.o(.text)
    HAL_GPIO_LockPin                         0x08001297   Thumb Code    46  stm32f1xx_hal_gpio.o(.text)
    HAL_GPIO_EXTI_IRQHandler                 0x080012c7   Thumb Code    28  stm32f1xx_hal_gpio.o(.text)
    HAL_DMA_Init                             0x0800130d   Thumb Code   140  stm32f1xx_hal_dma.o(.text)
    HAL_DMA_DeInit                           0x08001399   Thumb Code   124  stm32f1xx_hal_dma.o(.text)
    HAL_DMA_Start                            0x08001441   Thumb Code   114  stm32f1xx_hal_dma.o(.text)
    HAL_DMA_Start_IT                         0x080014b3   Thumb Code   156  stm32f1xx_hal_dma.o(.text)
    HAL_DMA_Abort                            0x0800154f   Thumb Code    58  stm32f1xx_hal_dma.o(.text)
    HAL_DMA_Abort_IT                         0x08001589   Thumb Code   422  stm32f1xx_hal_dma.o(.text)
    HAL_DMA_PollForTransfer                  0x0800172f   Thumb Code  1614  stm32f1xx_hal_dma.o(.text)
    HAL_DMA_IRQHandler                       0x08001d7d   Thumb Code   922  stm32f1xx_hal_dma.o(.text)
    HAL_DMA_RegisterCallback                 0x08002117   Thumb Code    90  stm32f1xx_hal_dma.o(.text)
    HAL_DMA_UnRegisterCallback               0x08002171   Thumb Code   106  stm32f1xx_hal_dma.o(.text)
    HAL_DMA_GetState                         0x080021db   Thumb Code     8  stm32f1xx_hal_dma.o(.text)
    HAL_DMA_GetError                         0x080021e3   Thumb Code     6  stm32f1xx_hal_dma.o(.text)
    HAL_NVIC_SetPriorityGrouping             0x08002211   Thumb Code    36  stm32f1xx_hal_cortex.o(.text)
    HAL_NVIC_SetPriority                     0x08002235   Thumb Code   124  stm32f1xx_hal_cortex.o(.text)
    HAL_NVIC_EnableIRQ                       0x080022b1   Thumb Code    26  stm32f1xx_hal_cortex.o(.text)
    HAL_NVIC_DisableIRQ                      0x080022cb   Thumb Code    22  stm32f1xx_hal_cortex.o(.text)
    HAL_NVIC_SystemReset                     0x080022e1   Thumb Code    64  stm32f1xx_hal_cortex.o(.text)
    HAL_SYSTICK_Config                       0x08002321   Thumb Code    52  stm32f1xx_hal_cortex.o(.text)
    HAL_NVIC_GetPriorityGrouping             0x08002355   Thumb Code     8  stm32f1xx_hal_cortex.o(.text)
    HAL_NVIC_GetPriority                     0x0800235d   Thumb Code   138  stm32f1xx_hal_cortex.o(.text)
    HAL_NVIC_SetPendingIRQ                   0x080023e7   Thumb Code    24  stm32f1xx_hal_cortex.o(.text)
    HAL_NVIC_GetPendingIRQ                   0x080023ff   Thumb Code    38  stm32f1xx_hal_cortex.o(.text)
    HAL_NVIC_ClearPendingIRQ                 0x08002425   Thumb Code    22  stm32f1xx_hal_cortex.o(.text)
    HAL_NVIC_GetActive                       0x0800243b   Thumb Code    38  stm32f1xx_hal_cortex.o(.text)
    HAL_SYSTICK_CLKSourceConfig              0x08002461   Thumb Code    40  stm32f1xx_hal_cortex.o(.text)
    HAL_SYSTICK_Callback                     0x08002489   Thumb Code     2  stm32f1xx_hal_cortex.o(.text)
    HAL_SYSTICK_IRQHandler                   0x0800248b   Thumb Code     8  stm32f1xx_hal_cortex.o(.text)
    HAL_RCC_DeInit                           0x080024b5   Thumb Code    64  stm32f1xx_hal_rcc.o(.text)
    HAL_RCC_OscConfig                        0x08002519   Thumb Code  1090  stm32f1xx_hal_rcc.o(.text)
    HAL_RCC_GetSysClockFreq                  0x0800295b   Thumb Code   118  stm32f1xx_hal_rcc.o(.text)
    HAL_RCC_ClockConfig                      0x080029d1   Thumb Code   402  stm32f1xx_hal_rcc.o(.text)
    HAL_RCC_MCOConfig                        0x08002b63   Thumb Code    92  stm32f1xx_hal_rcc.o(.text)
    HAL_RCC_EnableCSS                        0x08002bbf   Thumb Code     8  stm32f1xx_hal_rcc.o(.text)
    HAL_RCC_DisableCSS                       0x08002bc7   Thumb Code     8  stm32f1xx_hal_rcc.o(.text)
    HAL_RCC_GetHCLKFreq                      0x08002bcf   Thumb Code     6  stm32f1xx_hal_rcc.o(.text)
    HAL_RCC_GetPCLK1Freq                     0x08002bd5   Thumb Code    22  stm32f1xx_hal_rcc.o(.text)
    HAL_RCC_GetPCLK2Freq                     0x08002beb   Thumb Code    22  stm32f1xx_hal_rcc.o(.text)
    HAL_RCC_GetOscConfig                     0x08002c01   Thumb Code   254  stm32f1xx_hal_rcc.o(.text)
    HAL_RCC_GetClockConfig                   0x08002cff   Thumb Code    58  stm32f1xx_hal_rcc.o(.text)
    HAL_RCC_CSSCallback                      0x08002d39   Thumb Code     2  stm32f1xx_hal_rcc.o(.text)
    HAL_RCC_NMI_IRQHandler                   0x08002d3b   Thumb Code    26  stm32f1xx_hal_rcc.o(.text)
    HAL_UART_Init                            0x08002f21   Thumb Code   114  stm32f1xx_hal_uart.o(.text)
    HAL_HalfDuplex_Init                      0x08002f93   Thumb Code   118  stm32f1xx_hal_uart.o(.text)
    HAL_LIN_Init                             0x08003009   Thumb Code   134  stm32f1xx_hal_uart.o(.text)
    HAL_MultiProcessor_Init                  0x0800308f   Thumb Code   138  stm32f1xx_hal_uart.o(.text)
    HAL_UART_DeInit                          0x0800311b   Thumb Code    46  stm32f1xx_hal_uart.o(.text)
    HAL_UART_Transmit                        0x080031b9   Thumb Code   214  stm32f1xx_hal_uart.o(.text)
    HAL_UART_Receive                         0x0800328f   Thumb Code   222  stm32f1xx_hal_uart.o(.text)
    HAL_UART_Transmit_IT                     0x0800336d   Thumb Code    88  stm32f1xx_hal_uart.o(.text)
    HAL_UART_Receive_IT                      0x080033c5   Thumb Code   112  stm32f1xx_hal_uart.o(.text)
    HAL_UART_ErrorCallback                   0x08003435   Thumb Code     2  stm32f1xx_hal_uart.o(.text)
    HAL_UART_TxHalfCpltCallback              0x080034bb   Thumb Code     2  stm32f1xx_hal_uart.o(.text)
    HAL_UART_TxCpltCallback                  0x080034cb   Thumb Code     2  stm32f1xx_hal_uart.o(.text)
    HAL_UART_Transmit_DMA                    0x08003503   Thumb Code   142  stm32f1xx_hal_uart.o(.text)
    HAL_UART_RxHalfCpltCallback              0x08003591   Thumb Code     2  stm32f1xx_hal_uart.o(.text)
    HAL_UART_RxCpltCallback                  0x080035a1   Thumb Code     2  stm32f1xx_hal_uart.o(.text)
    HAL_UART_Receive_DMA                     0x080035e9   Thumb Code   182  stm32f1xx_hal_uart.o(.text)
    HAL_UART_DMAPause                        0x0800369f   Thumb Code   124  stm32f1xx_hal_uart.o(.text)
    HAL_UART_DMAResume                       0x0800371b   Thumb Code   126  stm32f1xx_hal_uart.o(.text)
    HAL_UART_DMAStop                         0x08003799   Thumb Code   102  stm32f1xx_hal_uart.o(.text)
    HAL_UART_Abort                           0x080037ff   Thumb Code   126  stm32f1xx_hal_uart.o(.text)
    HAL_UART_AbortTransmit                   0x0800387d   Thumb Code    68  stm32f1xx_hal_uart.o(.text)
    HAL_UART_AbortReceive                    0x080038c1   Thumb Code    80  stm32f1xx_hal_uart.o(.text)
    HAL_UART_AbortCpltCallback               0x08003911   Thumb Code     2  stm32f1xx_hal_uart.o(.text)
    HAL_UART_Abort_IT                        0x08003991   Thumb Code   208  stm32f1xx_hal_uart.o(.text)
    HAL_UART_AbortTransmitCpltCallback       0x08003a61   Thumb Code     2  stm32f1xx_hal_uart.o(.text)
    HAL_UART_AbortTransmit_IT                0x08003a7b   Thumb Code   102  stm32f1xx_hal_uart.o(.text)
    HAL_UART_AbortReceiveCpltCallback        0x08003ae1   Thumb Code     2  stm32f1xx_hal_uart.o(.text)
    HAL_UART_AbortReceive_IT                 0x08003afb   Thumb Code   114  stm32f1xx_hal_uart.o(.text)
    HAL_UART_IRQHandler                      0x08003caf   Thumb Code   348  stm32f1xx_hal_uart.o(.text)
    HAL_LIN_SendBreak                        0x08003e0b   Thumb Code    62  stm32f1xx_hal_uart.o(.text)
    HAL_MultiProcessor_EnterMuteMode         0x08003e49   Thumb Code    62  stm32f1xx_hal_uart.o(.text)
    HAL_MultiProcessor_ExitMuteMode          0x08003e87   Thumb Code    62  stm32f1xx_hal_uart.o(.text)
    HAL_HalfDuplex_EnableTransmitter         0x08003ec5   Thumb Code    68  stm32f1xx_hal_uart.o(.text)
    HAL_HalfDuplex_EnableReceiver            0x08003f09   Thumb Code    68  stm32f1xx_hal_uart.o(.text)
    HAL_UART_GetState                        0x08003f4d   Thumb Code    20  stm32f1xx_hal_uart.o(.text)
    HAL_UART_GetError                        0x08003f61   Thumb Code     6  stm32f1xx_hal_uart.o(.text)
    HAL_InitTick                             0x08003f6b   Thumb Code    36  stm32f1xx_hal.o(.text)
    HAL_Init                                 0x08003f8f   Thumb Code    34  stm32f1xx_hal.o(.text)
    HAL_MspDeInit                            0x08003fb1   Thumb Code     2  stm32f1xx_hal.o(.text)
    HAL_DeInit                               0x08003fb3   Thumb Code    30  stm32f1xx_hal.o(.text)
    HAL_IncTick                              0x08003fd1   Thumb Code    12  stm32f1xx_hal.o(.text)
    HAL_GetTick                              0x08003fdd   Thumb Code     6  stm32f1xx_hal.o(.text)
    HAL_Delay                                0x08003fe3   Thumb Code    30  stm32f1xx_hal.o(.text)
    HAL_SuspendTick                          0x08004001   Thumb Code    18  stm32f1xx_hal.o(.text)
    HAL_ResumeTick                           0x08004013   Thumb Code    18  stm32f1xx_hal.o(.text)
    HAL_GetHalVersion                        0x08004025   Thumb Code     4  stm32f1xx_hal.o(.text)
    HAL_GetREVID                             0x08004029   Thumb Code     8  stm32f1xx_hal.o(.text)
    HAL_GetDEVID                             0x08004031   Thumb Code    10  stm32f1xx_hal.o(.text)
    HAL_DBGMCU_EnableDBGSleepMode            0x0800403b   Thumb Code    14  stm32f1xx_hal.o(.text)
    HAL_DBGMCU_DisableDBGSleepMode           0x08004049   Thumb Code    14  stm32f1xx_hal.o(.text)
    HAL_DBGMCU_EnableDBGStopMode             0x08004057   Thumb Code    14  stm32f1xx_hal.o(.text)
    HAL_DBGMCU_DisableDBGStopMode            0x08004065   Thumb Code    14  stm32f1xx_hal.o(.text)
    HAL_DBGMCU_EnableDBGStandbyMode          0x08004073   Thumb Code    14  stm32f1xx_hal.o(.text)
    HAL_DBGMCU_DisableDBGStandbyMode         0x08004081   Thumb Code    14  stm32f1xx_hal.o(.text)
    HAL_GetUID                               0x0800408f   Thumb Code    24  stm32f1xx_hal.o(.text)
    Reset_Handler                            0x080040c5   Thumb Code     8  startup_stm32f103xe.o(.text)
    SVC_Handler                              0x080040d7   Thumb Code     2  startup_stm32f103xe.o(.text)
    ADC1_2_IRQHandler                        0x080040df   Thumb Code     0  startup_stm32f103xe.o(.text)
    ADC3_IRQHandler                          0x080040df   Thumb Code     0  startup_stm32f103xe.o(.text)
    CAN1_RX1_IRQHandler                      0x080040df   Thumb Code     0  startup_stm32f103xe.o(.text)
    CAN1_SCE_IRQHandler                      0x080040df   Thumb Code     0  startup_stm32f103xe.o(.text)
    DMA1_Channel1_IRQHandler                 0x080040df   Thumb Code     0  startup_stm32f103xe.o(.text)
    DMA1_Channel2_IRQHandler                 0x080040df   Thumb Code     0  startup_stm32f103xe.o(.text)
    DMA1_Channel3_IRQHandler                 0x080040df   Thumb Code     0  startup_stm32f103xe.o(.text)
    DMA1_Channel4_IRQHandler                 0x080040df   Thumb Code     0  startup_stm32f103xe.o(.text)
    DMA1_Channel5_IRQHandler                 0x080040df   Thumb Code     0  startup_stm32f103xe.o(.text)
    DMA1_Channel6_IRQHandler                 0x080040df   Thumb Code     0  startup_stm32f103xe.o(.text)
    DMA1_Channel7_IRQHandler                 0x080040df   Thumb Code     0  startup_stm32f103xe.o(.text)
    DMA2_Channel1_IRQHandler                 0x080040df   Thumb Code     0  startup_stm32f103xe.o(.text)
    DMA2_Channel2_IRQHandler                 0x080040df   Thumb Code     0  startup_stm32f103xe.o(.text)
    DMA2_Channel3_IRQHandler                 0x080040df   Thumb Code     0  startup_stm32f103xe.o(.text)
    DMA2_Channel4_5_IRQHandler               0x080040df   Thumb Code     0  startup_stm32f103xe.o(.text)
    FLASH_IRQHandler                         0x080040df   Thumb Code     0  startup_stm32f103xe.o(.text)
    FSMC_IRQHandler                          0x080040df   Thumb Code     0  startup_stm32f103xe.o(.text)
    I2C1_ER_IRQHandler                       0x080040df   Thumb Code     0  startup_stm32f103xe.o(.text)
    I2C1_EV_IRQHandler                       0x080040df   Thumb Code     0  startup_stm32f103xe.o(.text)
    I2C2_ER_IRQHandler                       0x080040df   Thumb Code     0  startup_stm32f103xe.o(.text)
    I2C2_EV_IRQHandler                       0x080040df   Thumb Code     0  startup_stm32f103xe.o(.text)
    PVD_IRQHandler                           0x080040df   Thumb Code     0  startup_stm32f103xe.o(.text)
    RCC_IRQHandler                           0x080040df   Thumb Code     0  startup_stm32f103xe.o(.text)
    RTC_Alarm_IRQHandler                     0x080040df   Thumb Code     0  startup_stm32f103xe.o(.text)
    RTC_IRQHandler                           0x080040df   Thumb Code     0  startup_stm32f103xe.o(.text)
    SDIO_IRQHandler                          0x080040df   Thumb Code     0  startup_stm32f103xe.o(.text)
    SPI1_IRQHandler                          0x080040df   Thumb Code     0  startup_stm32f103xe.o(.text)
    SPI2_IRQHandler                          0x080040df   Thumb Code     0  startup_stm32f103xe.o(.text)
    SPI3_IRQHandler                          0x080040df   Thumb Code     0  startup_stm32f103xe.o(.text)
    TAMPER_IRQHandler                        0x080040df   Thumb Code     0  startup_stm32f103xe.o(.text)
    TIM1_BRK_IRQHandler                      0x080040df   Thumb Code     0  startup_stm32f103xe.o(.text)
    TIM1_CC_IRQHandler                       0x080040df   Thumb Code     0  startup_stm32f103xe.o(.text)
    TIM1_TRG_COM_IRQHandler                  0x080040df   Thumb Code     0  startup_stm32f103xe.o(.text)
    TIM1_UP_IRQHandler                       0x080040df   Thumb Code     0  startup_stm32f103xe.o(.text)
    TIM2_IRQHandler                          0x080040df   Thumb Code     0  startup_stm32f103xe.o(.text)
    TIM3_IRQHandler                          0x080040df   Thumb Code     0  startup_stm32f103xe.o(.text)
    TIM4_IRQHandler                          0x080040df   Thumb Code     0  startup_stm32f103xe.o(.text)
    TIM5_IRQHandler                          0x080040df   Thumb Code     0  startup_stm32f103xe.o(.text)
    TIM6_IRQHandler                          0x080040df   Thumb Code     0  startup_stm32f103xe.o(.text)
    TIM7_IRQHandler                          0x080040df   Thumb Code     0  startup_stm32f103xe.o(.text)
    TIM8_BRK_IRQHandler                      0x080040df   Thumb Code     0  startup_stm32f103xe.o(.text)
    TIM8_CC_IRQHandler                       0x080040df   Thumb Code     0  startup_stm32f103xe.o(.text)
    TIM8_TRG_COM_IRQHandler                  0x080040df   Thumb Code     0  startup_stm32f103xe.o(.text)
    TIM8_UP_IRQHandler                       0x080040df   Thumb Code     0  startup_stm32f103xe.o(.text)
    UART4_IRQHandler                         0x080040df   Thumb Code     0  startup_stm32f103xe.o(.text)
    UART5_IRQHandler                         0x080040df   Thumb Code     0  startup_stm32f103xe.o(.text)
    USART2_IRQHandler                        0x080040df   Thumb Code     0  startup_stm32f103xe.o(.text)
    USART3_IRQHandler                        0x080040df   Thumb Code     0  startup_stm32f103xe.o(.text)
    USBWakeUp_IRQHandler                     0x080040df   Thumb Code     0  startup_stm32f103xe.o(.text)
    USB_HP_CAN1_TX_IRQHandler                0x080040df   Thumb Code     0  startup_stm32f103xe.o(.text)
    USB_LP_CAN1_RX0_IRQHandler               0x080040df   Thumb Code     0  startup_stm32f103xe.o(.text)
    WWDG_IRQHandler                          0x080040df   Thumb Code     0  startup_stm32f103xe.o(.text)
    rt_system_tick_init                      0x080040e9   Thumb Code     2  clock.o(.text)
    rt_tick_get                              0x080040eb   Thumb Code     6  clock.o(.text)
    rt_tick_set                              0x080040f1   Thumb Code    22  clock.o(.text)
    rt_tick_increase                         0x08004107   Thumb Code    42  clock.o(.text)
    rt_tick_from_millisecond                 0x08004131   Thumb Code    30  clock.o(.text)
    rt_components_board_init                 0x08004165   Thumb Code    20  components.o(.text)
    rt_components_init                       0x08004179   Thumb Code    20  components.o(.text)
    main_thread_entry                        0x0800418d   Thumb Code    14  components.o(.text)
    rt_application_init                      0x0800419b   Thumb Code    48  components.o(.text)
    rtthread_startup                         0x080041cb   Thumb Code    46  components.o(.text)
    main                                     0x080041f9   Thumb Code    14  components.o(.text)
    rt_device_find                           0x08004231   Thumb Code    94  device.o(.text)
    rt_device_register                       0x0800428f   Thumb Code    52  device.o(.text)
    rt_device_unregister                     0x080042c3   Thumb Code    64  device.o(.text)
    rt_device_init_all                       0x08004303   Thumb Code     4  device.o(.text)
    rt_device_create                         0x08004307   Thumb Code    46  device.o(.text)
    rt_device_destroy                        0x08004335   Thumb Code    68  device.o(.text)
    rt_device_init                           0x08004379   Thumb Code    64  device.o(.text)
    rt_device_open                           0x080043b9   Thumb Code   174  device.o(.text)
    rt_device_close                          0x08004467   Thumb Code    92  device.o(.text)
    rt_device_read                           0x080044c3   Thumb Code    98  device.o(.text)
    rt_device_write                          0x08004525   Thumb Code    98  device.o(.text)
    rt_device_control                        0x08004587   Thumb Code    66  device.o(.text)
    rt_device_set_rx_indicate                0x080045c9   Thumb Code    48  device.o(.text)
    rt_device_set_tx_complete                0x080045f9   Thumb Code   360  device.o(.text)
    rt_thread_idle_sethook                   0x08004761   Thumb Code    58  idle.o(.text)
    rt_thread_idle_delhook                   0x0800479b   Thumb Code    62  idle.o(.text)
    rt_thread_idle_excute                    0x080047d9   Thumb Code   178  idle.o(.text)
    rt_thread_idle_init                      0x080048ad   Thumb Code    38  idle.o(.text)
    rt_thread_idle_gethandler                0x080048d3   Thumb Code     4  idle.o(.text)
    rt_sem_init                              0x080049e1   Thumb Code    50  ipc.o(.text)
    rt_sem_detach                            0x08004a13   Thumb Code    72  ipc.o(.text)
    rt_sem_create                            0x08004a5b   Thumb Code    84  ipc.o(.text)
    rt_sem_delete                            0x08004aaf   Thumb Code   120  ipc.o(.text)
    rt_sem_take                              0x08004b27   Thumb Code   288  ipc.o(.text)
    rt_sem_trytake                           0x08004c47   Thumb Code    14  ipc.o(.text)
    rt_sem_release                           0x08004c55   Thumb Code   116  ipc.o(.text)
    rt_sem_control                           0x08004cc9   Thumb Code    90  ipc.o(.text)
    rt_mutex_init                            0x08004d23   Thumb Code    58  ipc.o(.text)
    rt_mutex_detach                          0x08004d5d   Thumb Code    78  ipc.o(.text)
    rt_mutex_create                          0x08004dab   Thumb Code   454  ipc.o(.text)
    rt_mutex_delete                          0x08004f71   Thumb Code   126  ipc.o(.text)
    rt_mutex_take                            0x08004fef   Thumb Code   374  ipc.o(.text)
    rt_mutex_release                         0x08005165   Thumb Code   310  ipc.o(.text)
    rt_mutex_control                         0x0800529b   Thumb Code    52  ipc.o(.text)
    rt_event_init                            0x080052cf   Thumb Code    46  ipc.o(.text)
    rt_event_detach                          0x080052fd   Thumb Code    78  ipc.o(.text)
    rt_event_create                          0x0800534b   Thumb Code   276  ipc.o(.text)
    rt_event_delete                          0x0800545f   Thumb Code   126  ipc.o(.text)
    rt_event_send                            0x080054dd   Thumb Code   234  ipc.o(.text)
    rt_event_recv                            0x080055c7   Thumb Code   402  ipc.o(.text)
    rt_event_control                         0x08005759   Thumb Code    92  ipc.o(.text)
    rt_mb_init                               0x080057b5   Thumb Code    76  ipc.o(.text)
    rt_mb_detach                             0x08005801   Thumb Code   216  ipc.o(.text)
    rt_mb_create                             0x080058d9   Thumb Code   128  ipc.o(.text)
    rt_mb_delete                             0x08005959   Thumb Code   140  ipc.o(.text)
    rt_mb_send_wait                          0x080059e5   Thumb Code   400  ipc.o(.text)
    rt_mb_send                               0x08005b75   Thumb Code    18  ipc.o(.text)
    rt_mb_recv                               0x08005b87   Thumb Code   576  ipc.o(.text)
    rt_mb_control                            0x08005dc7   Thumb Code   104  ipc.o(.text)
    rt_mq_init                               0x08005e2f   Thumb Code   118  ipc.o(.text)
    rt_mq_detach                             0x08005ea5   Thumb Code    78  ipc.o(.text)
    rt_mq_delete                             0x08005ef3   Thumb Code   126  ipc.o(.text)
    rt_mq_create                             0x08005f71   Thumb Code   170  ipc.o(.text)
    rt_mq_send                               0x0800601b   Thumb Code   222  ipc.o(.text)
    rt_mq_urgent                             0x080060f9   Thumb Code   426  ipc.o(.text)
    rt_mq_recv                               0x080062a3   Thumb Code   458  ipc.o(.text)
    rt_mq_control                            0x0800646d   Thumb Code   120  ipc.o(.text)
    rt_interrupt_enter_sethook               0x0800653d   Thumb Code     6  irq.o(.text)
    rt_interrupt_leave_sethook               0x08006543   Thumb Code     6  irq.o(.text)
    rt_interrupt_enter                       0x08006549   Thumb Code    46  irq.o(.text)
    rt_interrupt_leave                       0x08006577   Thumb Code    46  irq.o(.text)
    rt_interrupt_get_nest                    0x080065a5   Thumb Code     6  irq.o(.text)
    rt_get_errno                             0x080065b9   Thumb Code    32  kservice.o(.text)
    rt_set_errno                             0x080065d9   Thumb Code    36  kservice.o(.text)
    _rt_errno                                0x080065fd   Thumb Code    30  kservice.o(.text)
    rt_memset                                0x0800661b   Thumb Code    72  kservice.o(.text)
    rt_memcpy                                0x08006663   Thumb Code   124  kservice.o(.text)
    rt_memmove                               0x080066df   Thumb Code    66  kservice.o(.text)
    rt_memcmp                                0x08006721   Thumb Code    38  kservice.o(.text)
    rt_strlen                                0x08006747   Thumb Code    18  kservice.o(.text)
    rt_strstr                                0x08006759   Thumb Code    58  kservice.o(.text)
    rt_strcasecmp                            0x08006793   Thumb Code    48  kservice.o(.text)
    rt_strncpy                               0x080067c3   Thumb Code    52  kservice.o(.text)
    rt_strncmp                               0x080067f7   Thumb Code    40  kservice.o(.text)
    rt_strcmp                                0x0800681f   Thumb Code    28  kservice.o(.text)
    rt_strnlen                               0x0800683b   Thumb Code    24  kservice.o(.text)
    rt_strdup                                0x08006853   Thumb Code    40  kservice.o(.text)
    strdup                                   0x08006853   Thumb Code     0  kservice.o(.text)
    rt_hw_console_output                     0x0800687b   Thumb Code     2  kservice.o(.text)
    rt_vsnprintf                             0x08006a33   Thumb Code   800  kservice.o(.text)
    rt_kprintf                               0x08006d53   Thumb Code    96  kservice.o(.text)
    rt_show_version                          0x08006db3   Thumb Code    38  kservice.o(.text)
    rt_snprintf                              0x08006dd9   Thumb Code    38  kservice.o(.text)
    rt_vsprintf                              0x08006dff   Thumb Code    22  kservice.o(.text)
    rt_sprintf                               0x08006e15   Thumb Code    34  kservice.o(.text)
    rt_console_get_device                    0x08006e37   Thumb Code     6  kservice.o(.text)
    rt_console_set_device                    0x08006e3d   Thumb Code    48  kservice.o(.text)
    rt_kputs                                 0x08006e6d   Thumb Code    78  kservice.o(.text)
    rt_malloc_align                          0x08006ebb   Thumb Code    66  kservice.o(.text)
    rt_free_align                            0x08006efd   Thumb Code    16  kservice.o(.text)
    __rt_ffs                                 0x08006f0d   Thumb Code    70  kservice.o(.text)
    rt_assert_set_hook                       0x08006f53   Thumb Code     6  kservice.o(.text)
    rt_assert_handler                        0x08006f59   Thumb Code    56  kservice.o(.text)
    rt_malloc_sethook                        0x08007069   Thumb Code     6  mem.o(.text)
    rt_free_sethook                          0x0800706f   Thumb Code     6  mem.o(.text)
    rt_system_heap_init                      0x08007115   Thumb Code   204  mem.o(.text)
    rt_malloc                                0x080071e1   Thumb Code   522  mem.o(.text)
    rt_free                                  0x080073eb   Thumb Code   688  mem.o(.text)
    rt_realloc                               0x0800769b   Thumb Code   324  mem.o(.text)
    rt_calloc                                0x080077df   Thumb Code    84  mem.o(.text)
    rt_memory_info                           0x08007833   Thumb Code    26  mem.o(.text)
    list_mem                                 0x0800784d   Thumb Code    34  mem.o(.text)
    rt_mp_alloc_sethook                      0x0800795d   Thumb Code     6  mempool.o(.text)
    rt_mp_free_sethook                       0x08007963   Thumb Code     6  mempool.o(.text)
    rt_mp_init                               0x08007969   Thumb Code   128  mempool.o(.text)
    rt_mp_detach                             0x080079e9   Thumb Code   114  mempool.o(.text)
    rt_mp_create                             0x08007a5b   Thumb Code   174  mempool.o(.text)
    rt_mp_delete                             0x08007b09   Thumb Code   172  mempool.o(.text)
    rt_mp_alloc                              0x08007bb5   Thumb Code   278  mempool.o(.text)
    rt_mp_free                               0x08007ccb   Thumb Code    98  mempool.o(.text)
    rt_object_attach_sethook                 0x08007e6d   Thumb Code     6  object.o(.text)
    rt_object_detach_sethook                 0x08007e73   Thumb Code     6  object.o(.text)
    rt_object_trytake_sethook                0x08007e79   Thumb Code     6  object.o(.text)
    rt_object_take_sethook                   0x08007e7f   Thumb Code     6  object.o(.text)
    rt_object_put_sethook                    0x08007e85   Thumb Code     6  object.o(.text)
    rt_system_object_init                    0x08007e8b   Thumb Code     2  object.o(.text)
    rt_object_get_information                0x08007e8d   Thumb Code    36  object.o(.text)
    rt_object_init                           0x08007eb1   Thumb Code    92  object.o(.text)
    rt_object_detach                         0x08007f0d   Thumb Code    62  object.o(.text)
    rt_object_allocate                       0x08007f4b   Thumb Code   158  object.o(.text)
    rt_object_delete                         0x08007fe9   Thumb Code    88  object.o(.text)
    rt_object_is_systemobject                0x08008041   Thumb Code    34  object.o(.text)
    rt_object_get_type                       0x08008063   Thumb Code    26  object.o(.text)
    rt_object_find                           0x0800807d   Thumb Code   142  object.o(.text)
    rt_scheduler_sethook                     0x080081c5   Thumb Code     6  scheduler.o(.text)
    rt_system_scheduler_init                 0x08008225   Thumb Code    56  scheduler.o(.text)
    rt_system_scheduler_start                0x0800825d   Thumb Code    36  scheduler.o(.text)
    rt_schedule                              0x08008281   Thumb Code   160  scheduler.o(.text)
    rt_schedule_insert_thread                0x08008321   Thumb Code    90  scheduler.o(.text)
    rt_schedule_remove_thread                0x0800837b   Thumb Code    94  scheduler.o(.text)
    rt_enter_critical                        0x080083d9   Thumb Code    28  scheduler.o(.text)
    rt_exit_critical                         0x080083f5   Thumb Code    54  scheduler.o(.text)
    rt_critical_level                        0x0800842b   Thumb Code     8  scheduler.o(.text)
    rt_thread_handle_sig                     0x080084cf   Thumb Code   156  signal.o(.text)
    rt_thread_alloc_sig                      0x0800863d   Thumb Code    62  signal.o(.text)
    rt_signal_install                        0x0800867b   Thumb Code    98  signal.o(.text)
    rt_signal_mask                           0x080086dd   Thumb Code    34  signal.o(.text)
    rt_signal_unmask                         0x080086ff   Thumb Code    56  signal.o(.text)
    rt_signal_wait                           0x08008737   Thumb Code   346  signal.o(.text)
    rt_thread_free_sig                       0x08008891   Thumb Code    66  signal.o(.text)
    rt_thread_kill                           0x080088d3   Thumb Code   236  signal.o(.text)
    rt_system_signal_init                    0x080089bf   Thumb Code    38  signal.o(.text)
    rt_timer_timeout_sethook                 0x08008a9f   Thumb Code     6  timer.o(.text)
    rt_timer_init                            0x08008b31   Thumb Code    58  timer.o(.text)
    rt_timer_detach                          0x08008b6b   Thumb Code    82  timer.o(.text)
    rt_timer_create                          0x08008bbd   Thumb Code    54  timer.o(.text)
    rt_timer_delete                          0x08008bf3   Thumb Code    88  timer.o(.text)
    rt_timer_start                           0x08008c4b   Thumb Code   314  timer.o(.text)
    rt_timer_stop                            0x08008d85   Thumb Code   102  timer.o(.text)
    rt_timer_control                         0x08008deb   Thumb Code    98  timer.o(.text)
    rt_timer_check                           0x08008e4d   Thumb Code   416  timer.o(.text)
    rt_timer_next_timeout_tick               0x08008fed   Thumb Code    10  timer.o(.text)
    rt_system_timer_init                     0x08008ff7   Thumb Code    24  timer.o(.text)
    rt_system_timer_thread_init              0x0800900f   Thumb Code     2  timer.o(.text)
    rt_thread_suspend_sethook                0x0800904d   Thumb Code     6  thread.o(.text)
    rt_thread_resume_sethook                 0x08009053   Thumb Code     6  thread.o(.text)
    rt_thread_inited_sethook                 0x08009059   Thumb Code     6  thread.o(.text)
    rt_thread_exit                           0x0800905f   Thumb Code    78  thread.o(.text)
    rt_thread_timeout                        0x080090ad   Thumb Code    90  thread.o(.text)
    rt_thread_init                           0x080091b3   Thumb Code    74  thread.o(.text)
    rt_thread_self                           0x080091fd   Thumb Code     6  thread.o(.text)
    rt_thread_resume                         0x08009203   Thumb Code   120  thread.o(.text)
    rt_thread_startup                        0x0800927b   Thumb Code   108  thread.o(.text)
    rt_thread_detach                         0x080092e7   Thumb Code   126  thread.o(.text)
    rt_thread_create                         0x08009365   Thumb Code    80  thread.o(.text)
    rt_thread_delete                         0x080093b5   Thumb Code   114  thread.o(.text)
    rt_thread_yield                          0x08009427   Thumb Code   454  thread.o(.text)
    rt_thread_suspend                        0x080095ed   Thumb Code   130  thread.o(.text)
    rt_thread_sleep                          0x0800966f   Thumb Code    98  thread.o(.text)
    rt_thread_delay                          0x080096d1   Thumb Code    12  thread.o(.text)
    rt_thread_mdelay                         0x080096dd   Thumb Code    20  thread.o(.text)
    rt_thread_control                        0x080096f1   Thumb Code   154  thread.o(.text)
    rt_thread_find                           0x0800978b   Thumb Code    96  thread.o(.text)
    rt_hw_stack_init                         0x08009825   Thumb Code    70  cpuport.o(.text)
    rt_hw_exception_install                  0x0800986b   Thumb Code     6  cpuport.o(.text)
    rt_hw_hard_fault_exception               0x08009a4f   Thumb Code   198  cpuport.o(.text)
    rt_hw_cpu_shutdown                       0x08009b15   Thumb Code    22  cpuport.o(.text)
    rt_hw_interrupt_disable                  0x08009df9   Thumb Code     8  context_rvds.o(.text)
    rt_hw_interrupt_enable                   0x08009e01   Thumb Code     6  context_rvds.o(.text)
    rt_hw_context_switch                     0x08009e07   Thumb Code    32  context_rvds.o(.text)
    rt_hw_context_switch_interrupt           0x08009e07   Thumb Code     0  context_rvds.o(.text)
    PendSV_Handler                           0x08009e27   Thumb Code    60  context_rvds.o(.text)
    rt_hw_context_switch_to                  0x08009e63   Thumb Code    58  context_rvds.o(.text)
    rt_hw_interrupt_thread_switch            0x08009e9d   Thumb Code     2  context_rvds.o(.text)
    HardFault_Handler                        0x08009e9f   Thumb Code    48  context_rvds.o(.text)
    rt_device_pin_register                   0x08009f99   Thumb Code    56  pin.o(.text)
    rt_pin_attach_irq                        0x08009fd1   Thumb Code    60  pin.o(.text)
    rt_pin_dettach_irq                       0x0800a00d   Thumb Code    46  pin.o(.text)
    rt_pin_irq_enable                        0x0800a03b   Thumb Code    50  pin.o(.text)
    rt_pin_mode                              0x0800a06d   Thumb Code    38  pin.o(.text)
    rt_pin_write                             0x0800a093   Thumb Code    38  pin.o(.text)
    rt_pin_read                              0x0800a0b9   Thumb Code    34  pin.o(.text)
    rt_hw_serial_register                    0x0800a431   Thumb Code    80  serial.o(.text)
    rt_hw_serial_isr                         0x0800a481   Thumb Code   316  serial.o(.text)
    finsh_get_prompt                         0x0800a669   Thumb Code    38  shell.o(.text)
    finsh_set_device                         0x0800a6ed   Thumb Code   156  shell.o(.text)
    finsh_get_device                         0x0800a789   Thumb Code    28  shell.o(.text)
    finsh_set_echo                           0x0800a7a5   Thumb Code    30  shell.o(.text)
    finsh_get_echo                           0x0800a7c3   Thumb Code    32  shell.o(.text)
    finsh_thread_entry                       0x0800a905   Thumb Code  1358  shell.o(.text)
    finsh_system_function_init               0x0800ae53   Thumb Code    10  shell.o(.text)
    finsh_system_var_init                    0x0800ae5d   Thumb Code    10  shell.o(.text)
    finsh_system_init                        0x0800ae67   Thumb Code    96  shell.o(.text)
    hello                                    0x0800af39   Thumb Code    12  cmd.o(.text)
    version                                  0x0800af45   Thumb Code    10  cmd.o(.text)
    list_thread                              0x0800b057   Thumb Code    18  cmd.o(.text)
    list_sem                                 0x0800b11f   Thumb Code    18  cmd.o(.text)
    list_event                               0x0800b1b3   Thumb Code    18  cmd.o(.text)
    list_mutex                               0x0800b225   Thumb Code    18  cmd.o(.text)
    list_mailbox                             0x0800b2cd   Thumb Code    18  cmd.o(.text)
    list_msgqueue                            0x0800b637   Thumb Code    18  cmd.o(.text)
    list_memheap                             0x0800b69d   Thumb Code    18  cmd.o(.text)
    list_mempool                             0x0800b739   Thumb Code    18  cmd.o(.text)
    list_timer                               0x0800b7bf   Thumb Code    18  cmd.o(.text)
    list_device                              0x0800b83f   Thumb Code    18  cmd.o(.text)
    list                                     0x0800b851   Thumb Code    54  cmd.o(.text)
    msh_is_used                              0x0800bb21   Thumb Code     4  msh.o(.text)
    msh_help                                 0x0800bb25   Thumb Code    66  msh.o(.text)
    msh_exec                                 0x0800bd05   Thumb Code    82  msh.o(.text)
    msh_auto_complete                        0x0800bd77   Thumb Code   138  msh.o(.text)
    cmd_ps                                   0x0800be89   Thumb Code    14  msh_cmd.o(.text)
    cmd_time                                 0x0800be97   Thumb Code     6  msh_cmd.o(.text)
    cmd_free                                 0x0800be9d   Thumb Code    14  msh_cmd.o(.text)
    thread1_entry                            0x0800bead   Thumb Code    76  dynmem_sample.o(.text)
    dynmem_sample                            0x0800bef9   Thumb Code    40  dynmem_sample.o(.text)
    event_sample                             0x0800c011   Thumb Code   104  event_sample.o(.text)
    idle_hook_sample                         0x0800c1fd   Thumb Code    52  idlehook_sample.o(.text)
    thread_entry                             0x0800c2b9   Thumb Code    52  interrupt_sample.o(.text)
    interrupt_sample                         0x0800c2ed   Thumb Code    74  interrupt_sample.o(.text)
    mailbox_sample                           0x0800c3e7   Thumb Code   112  mailbox_sample.o(.text)
    mempool_sample                           0x0800c575   Thumb Code   122  memp_sample.o(.text)
    msgq_sample                              0x0800c723   Thumb Code   118  msgq_sample.o(.text)
    mutex_sample                             0x0800c953   Thumb Code   108  mutex_sample.o(.text)
    pri_inversion                            0x0800cb4f   Thumb Code   156  priority_inversion.o(.text)
    producer_thread_entry                    0x0800ccc5   Thumb Code   120  producer_consumer.o(.text)
    consumer_thread_entry                    0x0800cd3d   Thumb Code   156  producer_consumer.o(.text)
    producer_consumer                        0x0800cdd9   Thumb Code   162  producer_consumer.o(.text)
    scheduler_hook                           0x0800cfc7   Thumb Code    92  scheduler_hook.o(.text)
    semaphore_sample                         0x0800d0f3   Thumb Code   118  semaphore_sample.o(.text)
    thread1_signal_handler                   0x0800d271   Thumb Code    14  signal_sample.o(.text)
    signal_sample                            0x0800d2ad   Thumb Code    64  signal_sample.o(.text)
    thread_sample                            0x0800d36d   Thumb Code    84  thread_sample.o(.text)
    timer_sample                             0x0800d45b   Thumb Code    74  timer_sample.o(.text)
    timeslice_sample                         0x0800d551   Thumb Code    70  timeslice_sample.o(.text)
    __aeabi_memcpy                           0x0800d5d9   Thumb Code    36  memcpya.o(.text)
    __aeabi_memcpy4                          0x0800d5d9   Thumb Code     0  memcpya.o(.text)
    __aeabi_memcpy8                          0x0800d5d9   Thumb Code     0  memcpya.o(.text)
    __aeabi_memset                           0x0800d5fd   Thumb Code    14  memseta.o(.text)
    __aeabi_memset4                          0x0800d5fd   Thumb Code     0  memseta.o(.text)
    __aeabi_memset8                          0x0800d5fd   Thumb Code     0  memseta.o(.text)
    __aeabi_memclr                           0x0800d60b   Thumb Code     4  memseta.o(.text)
    __aeabi_memclr4                          0x0800d60b   Thumb Code     0  memseta.o(.text)
    __aeabi_memclr8                          0x0800d60b   Thumb Code     0  memseta.o(.text)
    _memset$wrapper                          0x0800d60f   Thumb Code    18  memseta.o(.text)
    strcat                                   0x0800d621   Thumb Code    24  strcat.o(.text)
    strlen                                   0x0800d639   Thumb Code    14  strlen.o(.text)
    memcmp                                   0x0800d647   Thumb Code    26  memcmp.o(.text)
    strcpy                                   0x0800d661   Thumb Code    18  strcpy.o(.text)
    strncmp                                  0x0800d673   Thumb Code    30  strncmp.o(.text)
    __scatterload                            0x0800d691   Thumb Code    28  init.o(.text)
    __scatterload_rt2                        0x0800d691   Thumb Code     0  init.o(.text)
    __decompress                             0x0800d6b5   Thumb Code     0  __dczerorl2.o(.text)
    __decompress1                            0x0800d6b5   Thumb Code    86  __dczerorl2.o(.text)
    __scatterload_copy                       0x0800d70b   Thumb Code    14  handlers.o(i.__scatterload_copy)
    __scatterload_null                       0x0800d719   Thumb Code     2  handlers.o(i.__scatterload_null)
    __scatterload_zeroinit                   0x0800d71b   Thumb Code    14  handlers.o(i.__scatterload_zeroinit)
    AHBPrescTable                            0x0800e113   Data          16  system_stm32f1xx.o(.constdata)
    APBPrescTable                            0x0800e123   Data           8  system_stm32f1xx.o(.constdata)
    __lowest_bit_bitmap                      0x0800e415   Data         256  kservice.o(.constdata)
    __fsym_list_mem_name                     0x0800ee19   Data           9  mem.o(.rodata.name)
    __fsym_list_mem_desc                     0x0800ee22   Data          30  mem.o(.rodata.name)
    __fsym_pinMode_name                      0x0800ee40   Data           8  pin.o(.rodata.name)
    __fsym_pinMode_desc                      0x0800ee48   Data          22  pin.o(.rodata.name)
    __fsym_pinWrite_name                     0x0800ee5e   Data           9  pin.o(.rodata.name)
    __fsym_pinWrite_desc                     0x0800ee67   Data          28  pin.o(.rodata.name)
    __fsym_pinRead_name                      0x0800ee83   Data           8  pin.o(.rodata.name)
    __fsym_pinRead_desc                      0x0800ee8b   Data          30  pin.o(.rodata.name)
    __fsym_hello_name                        0x0800eea9   Data           6  cmd.o(.rodata.name)
    __fsym_hello_desc                        0x0800eeaf   Data          16  cmd.o(.rodata.name)
    __fsym_version_name                      0x0800eebf   Data           8  cmd.o(.rodata.name)
    __fsym_version_desc                      0x0800eec7   Data          35  cmd.o(.rodata.name)
    __fsym___cmd_version_name                0x0800eeea   Data          14  cmd.o(.rodata.name)
    __fsym___cmd_version_desc                0x0800eef8   Data          35  cmd.o(.rodata.name)
    __fsym_list_thread_name                  0x0800ef1b   Data          12  cmd.o(.rodata.name)
    __fsym_list_thread_desc                  0x0800ef27   Data          12  cmd.o(.rodata.name)
    __fsym___cmd_list_thread_name            0x0800ef33   Data          18  cmd.o(.rodata.name)
    __fsym___cmd_list_thread_desc            0x0800ef45   Data          12  cmd.o(.rodata.name)
    __fsym_list_sem_name                     0x0800ef51   Data           9  cmd.o(.rodata.name)
    __fsym_list_sem_desc                     0x0800ef5a   Data          25  cmd.o(.rodata.name)
    __fsym___cmd_list_sem_name               0x0800ef73   Data          15  cmd.o(.rodata.name)
    __fsym___cmd_list_sem_desc               0x0800ef82   Data          25  cmd.o(.rodata.name)
    __fsym_list_event_name                   0x0800ef9b   Data          11  cmd.o(.rodata.name)
    __fsym_list_event_desc                   0x0800efa6   Data          21  cmd.o(.rodata.name)
    __fsym___cmd_list_event_name             0x0800efbb   Data          17  cmd.o(.rodata.name)
    __fsym___cmd_list_event_desc             0x0800efcc   Data          21  cmd.o(.rodata.name)
    __fsym_list_mutex_name                   0x0800efe1   Data          11  cmd.o(.rodata.name)
    __fsym_list_mutex_desc                   0x0800efec   Data          21  cmd.o(.rodata.name)
    __fsym___cmd_list_mutex_name             0x0800f001   Data          17  cmd.o(.rodata.name)
    __fsym___cmd_list_mutex_desc             0x0800f012   Data          21  cmd.o(.rodata.name)
    __fsym_list_mailbox_name                 0x0800f027   Data          13  cmd.o(.rodata.name)
    __fsym_list_mailbox_desc                 0x0800f034   Data          24  cmd.o(.rodata.name)
    __fsym___cmd_list_mailbox_name           0x0800f04c   Data          19  cmd.o(.rodata.name)
    __fsym___cmd_list_mailbox_desc           0x0800f05f   Data          24  cmd.o(.rodata.name)
    __fsym_list_msgqueue_name                0x0800f077   Data          14  cmd.o(.rodata.name)
    __fsym_list_msgqueue_desc                0x0800f085   Data          29  cmd.o(.rodata.name)
    __fsym___cmd_list_msgqueue_name          0x0800f0a2   Data          20  cmd.o(.rodata.name)
    __fsym___cmd_list_msgqueue_desc          0x0800f0b6   Data          29  cmd.o(.rodata.name)
    __fsym_list_memheap_name                 0x0800f0d3   Data          13  cmd.o(.rodata.name)
    __fsym_list_memheap_desc                 0x0800f0e0   Data          27  cmd.o(.rodata.name)
    __fsym___cmd_list_memheap_name           0x0800f0fb   Data          19  cmd.o(.rodata.name)
    __fsym___cmd_list_memheap_desc           0x0800f10e   Data          27  cmd.o(.rodata.name)
    __fsym_list_mempool_name                 0x0800f129   Data          13  cmd.o(.rodata.name)
    __fsym_list_mempool_desc                 0x0800f136   Data          27  cmd.o(.rodata.name)
    __fsym___cmd_list_mempool_name           0x0800f151   Data          19  cmd.o(.rodata.name)
    __fsym___cmd_list_mempool_desc           0x0800f164   Data          27  cmd.o(.rodata.name)
    __fsym_list_timer_name                   0x0800f17f   Data          11  cmd.o(.rodata.name)
    __fsym_list_timer_desc                   0x0800f18a   Data          21  cmd.o(.rodata.name)
    __fsym___cmd_list_timer_name             0x0800f19f   Data          17  cmd.o(.rodata.name)
    __fsym___cmd_list_timer_desc             0x0800f1b0   Data          21  cmd.o(.rodata.name)
    __fsym_list_device_name                  0x0800f1c5   Data          12  cmd.o(.rodata.name)
    __fsym_list_device_desc                  0x0800f1d1   Data          22  cmd.o(.rodata.name)
    __fsym___cmd_list_device_name            0x0800f1e7   Data          18  cmd.o(.rodata.name)
    __fsym___cmd_list_device_desc            0x0800f1f9   Data          22  cmd.o(.rodata.name)
    __fsym_list_name                         0x0800f20f   Data           5  cmd.o(.rodata.name)
    __fsym_list_desc                         0x0800f214   Data          26  cmd.o(.rodata.name)
    __fsym___cmd_help_name                   0x0800f22e   Data          11  msh.o(.rodata.name)
    __fsym___cmd_help_desc                   0x0800f239   Data          22  msh.o(.rodata.name)
    __fsym___cmd_ps_name                     0x0800f24f   Data           9  msh_cmd.o(.rodata.name)
    __fsym___cmd_ps_desc                     0x0800f258   Data          28  msh_cmd.o(.rodata.name)
    __fsym___cmd_time_name                   0x0800f274   Data          11  msh_cmd.o(.rodata.name)
    __fsym___cmd_time_desc                   0x0800f27f   Data          27  msh_cmd.o(.rodata.name)
    __fsym___cmd_free_name                   0x0800f29a   Data          11  msh_cmd.o(.rodata.name)
    __fsym___cmd_free_desc                   0x0800f2a5   Data          37  msh_cmd.o(.rodata.name)
    __fsym___cmd_dynmem_sample_name          0x0800f2ca   Data          20  dynmem_sample.o(.rodata.name)
    __fsym___cmd_dynmem_sample_desc          0x0800f2de   Data          14  dynmem_sample.o(.rodata.name)
    __fsym___cmd_event_sample_name           0x0800f2ec   Data          19  event_sample.o(.rodata.name)
    __fsym___cmd_event_sample_desc           0x0800f2ff   Data          13  event_sample.o(.rodata.name)
    __fsym___cmd_idle_hook_sample_name       0x0800f30c   Data          23  idlehook_sample.o(.rodata.name)
    __fsym___cmd_idle_hook_sample_desc       0x0800f323   Data          17  idlehook_sample.o(.rodata.name)
    __fsym___cmd_interrupt_sample_name       0x0800f334   Data          23  interrupt_sample.o(.rodata.name)
    __fsym___cmd_interrupt_sample_desc       0x0800f34b   Data          17  interrupt_sample.o(.rodata.name)
    __fsym___cmd_mailbox_sample_name         0x0800f35c   Data          21  mailbox_sample.o(.rodata.name)
    __fsym___cmd_mailbox_sample_desc         0x0800f371   Data          15  mailbox_sample.o(.rodata.name)
    __fsym___cmd_mempool_sample_name         0x0800f380   Data          21  memp_sample.o(.rodata.name)
    __fsym___cmd_mempool_sample_desc         0x0800f395   Data          15  memp_sample.o(.rodata.name)
    __fsym___cmd_msgq_sample_name            0x0800f3a4   Data          18  msgq_sample.o(.rodata.name)
    __fsym___cmd_msgq_sample_desc            0x0800f3b6   Data          12  msgq_sample.o(.rodata.name)
    __fsym___cmd_mutex_sample_name           0x0800f3c2   Data          19  mutex_sample.o(.rodata.name)
    __fsym___cmd_mutex_sample_desc           0x0800f3d5   Data          13  mutex_sample.o(.rodata.name)
    __fsym___cmd_pri_inversion_name          0x0800f3e2   Data          20  priority_inversion.o(.rodata.name)
    __fsym___cmd_pri_inversion_desc          0x0800f3f6   Data          21  priority_inversion.o(.rodata.name)
    __fsym___cmd_producer_consumer_name      0x0800f40b   Data          24  producer_consumer.o(.rodata.name)
    __fsym___cmd_producer_consumer_desc      0x0800f423   Data          25  producer_consumer.o(.rodata.name)
    __fsym___cmd_scheduler_hook_name         0x0800f43c   Data          21  scheduler_hook.o(.rodata.name)
    __fsym___cmd_scheduler_hook_desc         0x0800f451   Data          22  scheduler_hook.o(.rodata.name)
    __fsym___cmd_semaphore_sample_name       0x0800f467   Data          23  semaphore_sample.o(.rodata.name)
    __fsym___cmd_semaphore_sample_desc       0x0800f47e   Data          17  semaphore_sample.o(.rodata.name)
    __fsym___cmd_signal_sample_name          0x0800f48f   Data          20  signal_sample.o(.rodata.name)
    __fsym___cmd_signal_sample_desc          0x0800f4a3   Data          14  signal_sample.o(.rodata.name)
    __fsym___cmd_thread_sample_name          0x0800f4b1   Data          20  thread_sample.o(.rodata.name)
    __fsym___cmd_thread_sample_desc          0x0800f4c5   Data          14  thread_sample.o(.rodata.name)
    __fsym___cmd_timer_sample_name           0x0800f4d3   Data          19  timer_sample.o(.rodata.name)
    __fsym___cmd_timer_sample_desc           0x0800f4e6   Data          13  timer_sample.o(.rodata.name)
    __fsym___cmd_timeslice_sample_name       0x0800f4f3   Data          23  timeslice_sample.o(.rodata.name)
    __fsym___cmd_timeslice_sample_desc       0x0800f50a   Data          17  timeslice_sample.o(.rodata.name)
    __rt_init_rti_start                      0x0800f51c   Data           4  components.o(.rti_fn.0)
    __rt_init_rti_board_start                0x0800f520   Data           4  components.o(.rti_fn.0.end)
    __rt_init_rt_hw_pin_init                 0x0800f524   Data           4  drv_gpio.o(.rti_fn.1)
    __rt_init_rt_hw_usart_init               0x0800f528   Data           4  drv_usart.o(.rti_fn.1)
    __rt_init_rti_board_end                  0x0800f52c   Data           4  components.o(.rti_fn.1.end)
    __rt_init_finsh_system_init              0x0800f530   Data           4  shell.o(.rti_fn.6)
    __rt_init_rti_end                        0x0800f534   Data           4  components.o(.rti_fn.6.end)
    FSymTab$$Base                            0x0800f538   Number         0  mem.o(FSymTab)
    __fsym_list_mem                          0x0800f538   Data          12  mem.o(FSymTab)
    __fsym_pinMode                           0x0800f544   Data          12  pin.o(FSymTab)
    __fsym_pinWrite                          0x0800f550   Data          12  pin.o(FSymTab)
    __fsym_pinRead                           0x0800f55c   Data          12  pin.o(FSymTab)
    __fsym_hello                             0x0800f568   Data          12  cmd.o(FSymTab)
    __fsym_version                           0x0800f574   Data          12  cmd.o(FSymTab)
    __fsym___cmd_version                     0x0800f580   Data          12  cmd.o(FSymTab)
    __fsym_list_thread                       0x0800f58c   Data          12  cmd.o(FSymTab)
    __fsym___cmd_list_thread                 0x0800f598   Data          12  cmd.o(FSymTab)
    __fsym_list_sem                          0x0800f5a4   Data          12  cmd.o(FSymTab)
    __fsym___cmd_list_sem                    0x0800f5b0   Data          12  cmd.o(FSymTab)
    __fsym_list_event                        0x0800f5bc   Data          12  cmd.o(FSymTab)
    __fsym___cmd_list_event                  0x0800f5c8   Data          12  cmd.o(FSymTab)
    __fsym_list_mutex                        0x0800f5d4   Data          12  cmd.o(FSymTab)
    __fsym___cmd_list_mutex                  0x0800f5e0   Data          12  cmd.o(FSymTab)
    __fsym_list_mailbox                      0x0800f5ec   Data          12  cmd.o(FSymTab)
    __fsym___cmd_list_mailbox                0x0800f5f8   Data          12  cmd.o(FSymTab)
    __fsym_list_msgqueue                     0x0800f604   Data          12  cmd.o(FSymTab)
    __fsym___cmd_list_msgqueue               0x0800f610   Data          12  cmd.o(FSymTab)
    __fsym_list_memheap                      0x0800f61c   Data          12  cmd.o(FSymTab)
    __fsym___cmd_list_memheap                0x0800f628   Data          12  cmd.o(FSymTab)
    __fsym_list_mempool                      0x0800f634   Data          12  cmd.o(FSymTab)
    __fsym___cmd_list_mempool                0x0800f640   Data          12  cmd.o(FSymTab)
    __fsym_list_timer                        0x0800f64c   Data          12  cmd.o(FSymTab)
    __fsym___cmd_list_timer                  0x0800f658   Data          12  cmd.o(FSymTab)
    __fsym_list_device                       0x0800f664   Data          12  cmd.o(FSymTab)
    __fsym___cmd_list_device                 0x0800f670   Data          12  cmd.o(FSymTab)
    __fsym_list                              0x0800f67c   Data          12  cmd.o(FSymTab)
    __fsym___cmd_help                        0x0800f688   Data          12  msh.o(FSymTab)
    __fsym___cmd_ps                          0x0800f694   Data          12  msh_cmd.o(FSymTab)
    __fsym___cmd_time                        0x0800f6a0   Data          12  msh_cmd.o(FSymTab)
    __fsym___cmd_free                        0x0800f6ac   Data          12  msh_cmd.o(FSymTab)
    __fsym___cmd_dynmem_sample               0x0800f6b8   Data          12  dynmem_sample.o(FSymTab)
    __fsym___cmd_event_sample                0x0800f6c4   Data          12  event_sample.o(FSymTab)
    __fsym___cmd_idle_hook_sample            0x0800f6d0   Data          12  idlehook_sample.o(FSymTab)
    __fsym___cmd_interrupt_sample            0x0800f6dc   Data          12  interrupt_sample.o(FSymTab)
    __fsym___cmd_mailbox_sample              0x0800f6e8   Data          12  mailbox_sample.o(FSymTab)
    __fsym___cmd_mempool_sample              0x0800f6f4   Data          12  memp_sample.o(FSymTab)
    __fsym___cmd_msgq_sample                 0x0800f700   Data          12  msgq_sample.o(FSymTab)
    __fsym___cmd_mutex_sample                0x0800f70c   Data          12  mutex_sample.o(FSymTab)
    __fsym___cmd_pri_inversion               0x0800f718   Data          12  priority_inversion.o(FSymTab)
    __fsym___cmd_producer_consumer           0x0800f724   Data          12  producer_consumer.o(FSymTab)
    __fsym___cmd_scheduler_hook              0x0800f730   Data          12  scheduler_hook.o(FSymTab)
    __fsym___cmd_semaphore_sample            0x0800f73c   Data          12  semaphore_sample.o(FSymTab)
    __fsym___cmd_signal_sample               0x0800f748   Data          12  signal_sample.o(FSymTab)
    __fsym___cmd_thread_sample               0x0800f754   Data          12  thread_sample.o(FSymTab)
    __fsym___cmd_timer_sample                0x0800f760   Data          12  timer_sample.o(FSymTab)
    __fsym___cmd_timeslice_sample            0x0800f76c   Data          12  timeslice_sample.o(FSymTab)
    FSymTab$$Limit                           0x0800f778   Number         0  timeslice_sample.o(FSymTab)
    Region$$Table$$Base                      0x0800f778   Number         0  anon$$obj.o(Region$$Table)
    Region$$Table$$Limit                     0x0800f798   Number         0  anon$$obj.o(Region$$Table)
    pin_irq_hdr_tab                          0x20000000   Data         192  drv_gpio.o(.data)
    uart1                                    0x200000c0   Data          68  drv_usart.o(.data)
    SystemCoreClock                          0x20000104   Data           4  system_stm32f1xx.o(.data)
    uwTick                                   0x20000108   Data           4  stm32f1xx_hal.o(.data)
    rt_interrupt_nest                        0x20000118   Data           1  irq.o(.data)
    rt_assert_hook                           0x20000124   Data           4  kservice.o(.data)
    rt_object_trytake_hook                   0x200001f8   Data           4  object.o(.data)
    rt_object_take_hook                      0x200001fc   Data           4  object.o(.data)
    rt_object_put_hook                       0x20000200   Data           4  object.o(.data)
    rt_current_thread                        0x20000208   Data           4  scheduler.o(.data)
    rt_current_priority                      0x2000020c   Data           1  scheduler.o(.data)
    rt_thread_ready_priority_group           0x20000210   Data           4  scheduler.o(.data)
    rt_thread_defunct                        0x20000214   Data           8  scheduler.o(.data)
    rt_interrupt_from_thread                 0x20000240   Data           4  cpuport.o(.data)
    rt_interrupt_to_thread                   0x20000244   Data           4  cpuport.o(.data)
    rt_thread_switch_interrupt_flag          0x20000248   Data           4  cpuport.o(.data)
    shell                                    0x20000250   Data           4  shell.o(.data)
    _syscall_table_begin                     0x20000254   Data           4  symbol.o(.data)
    _syscall_table_end                       0x20000258   Data           4  symbol.o(.data)
    _sysvar_table_begin                      0x2000025c   Data           4  symbol.o(.data)
    _sysvar_table_end                        0x20000260   Data           4  symbol.o(.data)
    count                                    0x200002c8   Data           8  scheduler_hook.o(.data)
    serial1                                  0x200002fc   Data          84  drv_usart.o(.bss)
    rt_thread_priority_table                 0x20000594   Data         256  scheduler.o(.bss)
    array                                    0x20004600   Data          20  producer_consumer.o(.bss)
    sem_lock                                 0x20004614   Data          32  producer_consumer.o(.bss)
    sem_empty                                0x20004634   Data          32  producer_consumer.o(.bss)
    sem_full                                 0x20004654   Data          32  producer_consumer.o(.bss)
    Image$$RW_IRAM1$$ZI$$Limit               0x20005830   Number         0  anon$$obj.o ABSOLUTE
    __initial_sp                             0x20005830   Data           0  startup_stm32f103xe.o(STACK)



==============================================================================

Memory Map of the image

  Image Entry point : 0x08000131

  Load Region LR_IROM1 (Base: 0x08000000, Size: 0x0000fa94, Max: 0x000c0000, ABSOLUTE, COMPRESSED[0x0000f82c])

    Execution Region ER_IROM1 (Exec base: 0x08000000, Load base: 0x08000000, Size: 0x0000f798, Max: 0x000c0000, ABSOLUTE)

    Exec Addr    Load Addr    Size         Type   Attr      Idx    E Section Name        Object

    0x08000000   0x08000000   0x00000130   Data   RO         1247    RESET               startup_stm32f103xe.o
    0x08000130   0x08000130   0x00000000   Code   RO         1971  * .ARM.Collect$$$$00000000  mc_w.l(entry.o)
    0x08000130   0x08000130   0x00000004   Code   RO         1992    .ARM.Collect$$$$00000001  mc_w.l(entry2.o)
    0x08000134   0x08000134   0x00000004   Code   RO         1995    .ARM.Collect$$$$00000004  mc_w.l(entry5.o)
    0x08000138   0x08000138   0x00000000   Code   RO         1997    .ARM.Collect$$$$00000008  mc_w.l(entry7b.o)
    0x08000138   0x08000138   0x00000000   Code   RO         1999    .ARM.Collect$$$$0000000A  mc_w.l(entry8b.o)
    0x08000138   0x08000138   0x00000008   Code   RO         2000    .ARM.Collect$$$$0000000B  mc_w.l(entry9a.o)
    0x08000140   0x08000140   0x00000000   Code   RO         2002    .ARM.Collect$$$$0000000D  mc_w.l(entry10a.o)
    0x08000140   0x08000140   0x00000000   Code   RO         2004    .ARM.Collect$$$$0000000F  mc_w.l(entry11a.o)
    0x08000140   0x08000140   0x00000004   Code   RO         1993    .ARM.Collect$$$$00002712  mc_w.l(entry2.o)
    0x08000144   0x08000144   0x00000004   Code   RO            1    .text               main.o
    0x08000148   0x08000148   0x00000190   Code   RO          107    .text               board.o
    0x080002d8   0x080002d8   0x00000010   Code   RO          219    .text               stm32f1xx_it.o
    0x080002e8   0x080002e8   0x0000057c   Code   RO          246    .text               drv_gpio.o
    0x08000864   0x08000864   0x000004cc   Code   RO          275    .text               drv_usart.o
    0x08000d30   0x08000d30   0x000000f4   Code   RO          312    .text               system_stm32f1xx.o
    0x08000e24   0x08000e24   0x000004e8   Code   RO          379    .text               stm32f1xx_hal_gpio.o
    0x0800130c   0x0800130c   0x00000ee4   Code   RO          479    .text               stm32f1xx_hal_dma.o
    0x080021f0   0x080021f0   0x000002c4   Code   RO          503    .text               stm32f1xx_hal_cortex.o
    0x080024b4   0x080024b4   0x000008a8   Code   RO          627    .text               stm32f1xx_hal_rcc.o
    0x08002d5c   0x08002d5c   0x0000120a   Code   RO          813    .text               stm32f1xx_hal_uart.o
    0x08003f66   0x08003f66   0x00000002   PAD
    0x08003f68   0x08003f68   0x0000015c   Code   RO          879    .text               stm32f1xx_hal.o
    0x080040c4   0x080040c4   0x00000024   Code   RO         1248    .text               startup_stm32f103xe.o
    0x080040e8   0x080040e8   0x0000006c   Code   RO         1252    .text               clock.o
    0x08004154   0x08004154   0x000000dc   Code   RO         1266    .text               components.o
    0x08004230   0x08004230   0x00000530   Code   RO         1285    .text               device.o
    0x08004760   0x08004760   0x000001d4   Code   RO         1298    .text               idle.o
    0x08004934   0x08004934   0x00001c08   Code   RO         1317    .text               ipc.o
    0x0800653c   0x0800653c   0x0000007c   Code   RO         1335    .text               irq.o
    0x080065b8   0x080065b8   0x00000ab0   Code   RO         1350    .text               kservice.o
    0x08007068   0x08007068   0x000008f4   Code   RO         1370    .text               mem.o
    0x0800795c   0x0800795c   0x000004f0   Code   RO         1416    .text               mempool.o
    0x08007e4c   0x08007e4c   0x00000378   Code   RO         1434    .text               object.o
    0x080081c4   0x080081c4   0x00000308   Code   RO         1453    .text               scheduler.o
    0x080084cc   0x080084cc   0x000005c4   Code   RO         1474    .text               signal.o
    0x08008a90   0x08008a90   0x0000059c   Code   RO         1504    .text               timer.o
    0x0800902c   0x0800902c   0x000007f8   Code   RO         1523    .text               thread.o
    0x08009824   0x08009824   0x000005d4   Code   RO         1543    .text               cpuport.o
    0x08009df8   0x08009df8   0x000000f0   Code   RO         1559    .text               context_rvds.o
    0x08009ee8   0x08009ee8   0x00000250   Code   RO         1563    .text               pin.o
    0x0800a138   0x0800a138   0x00000530   Code   RO         1581    .text               serial.o
    0x0800a668   0x0800a668   0x000008bc   Code   RO         1594    .text               shell.o
    0x0800af24   0x0800af24   0x00000bfc   Code   RO         1635    .text               cmd.o
    0x0800bb20   0x0800bb20   0x00000368   Code   RO         1656    .text               msh.o
    0x0800be88   0x0800be88   0x00000022   Code   RO         1673    .text               msh_cmd.o
    0x0800beaa   0x0800beaa   0x00000002   PAD
    0x0800beac   0x0800beac   0x000000d0   Code   RO         1695    .text               dynmem_sample.o
    0x0800bf7c   0x0800bf7c   0x00000204   Code   RO         1711    .text               event_sample.o
    0x0800c180   0x0800c180   0x00000138   Code   RO         1728    .text               idlehook_sample.o
    0x0800c2b8   0x0800c2b8   0x000000b8   Code   RO         1745    .text               interrupt_sample.o
    0x0800c370   0x0800c370   0x00000194   Code   RO         1762    .text               mailbox_sample.o
    0x0800c504   0x0800c504   0x00000160   Code   RO         1780    .text               memp_sample.o
    0x0800c664   0x0800c664   0x0000025c   Code   RO         1798    .text               msgq_sample.o
    0x0800c8c0   0x0800c8c0   0x000001b0   Code   RO         1815    .text               mutex_sample.o
    0x0800ca70   0x0800ca70   0x00000254   Code   RO         1833    .text               priority_inversion.o
    0x0800ccc4   0x0800ccc4   0x000002d8   Code   RO         1850    .text               producer_consumer.o
    0x0800cf9c   0x0800cf9c   0x000000d8   Code   RO         1868    .text               scheduler_hook.o
    0x0800d074   0x0800d074   0x000001fc   Code   RO         1885    .text               semaphore_sample.o
    0x0800d270   0x0800d270   0x000000bc   Code   RO         1903    .text               signal_sample.o
    0x0800d32c   0x0800d32c   0x000000f4   Code   RO         1920    .text               thread_sample.o
    0x0800d420   0x0800d420   0x00000104   Code   RO         1938    .text               timer_sample.o
    0x0800d524   0x0800d524   0x000000b4   Code   RO         1955    .text               timeslice_sample.o
    0x0800d5d8   0x0800d5d8   0x00000024   Code   RO         1976    .text               mc_w.l(memcpya.o)
    0x0800d5fc   0x0800d5fc   0x00000024   Code   RO         1978    .text               mc_w.l(memseta.o)
    0x0800d620   0x0800d620   0x00000018   Code   RO         1980    .text               mc_w.l(strcat.o)
    0x0800d638   0x0800d638   0x0000000e   Code   RO         1982    .text               mc_w.l(strlen.o)
    0x0800d646   0x0800d646   0x0000001a   Code   RO         1984    .text               mc_w.l(memcmp.o)
    0x0800d660   0x0800d660   0x00000012   Code   RO         1986    .text               mc_w.l(strcpy.o)
    0x0800d672   0x0800d672   0x0000001e   Code   RO         1988    .text               mc_w.l(strncmp.o)
    0x0800d690   0x0800d690   0x00000024   Code   RO         2006    .text               mc_w.l(init.o)
    0x0800d6b4   0x0800d6b4   0x00000056   Code   RO         2016    .text               mc_w.l(__dczerorl2.o)
    0x0800d70a   0x0800d70a   0x0000000e   Code   RO         2010    i.__scatterload_copy  mc_w.l(handlers.o)
    0x0800d718   0x0800d718   0x00000002   Code   RO         2011    i.__scatterload_null  mc_w.l(handlers.o)
    0x0800d71a   0x0800d71a   0x0000000e   Code   RO         2012    i.__scatterload_zeroinit  mc_w.l(handlers.o)
    0x0800d728   0x0800d728   0x00000013   Data   RO          108    .constdata          board.o
    0x0800d73b   0x0800d73b   0x00000001   PAD
    0x0800d73c   0x0800d73c   0x00000968   Data   RO          247    .constdata          drv_gpio.o
    0x0800e0a4   0x0800e0a4   0x0000006f   Data   RO          277    .constdata          drv_usart.o
    0x0800e113   0x0800e113   0x00000018   Data   RO          313    .constdata          system_stm32f1xx.o
    0x0800e12b   0x0800e12b   0x00000014   Data   RO         1267    .constdata          components.o
    0x0800e13f   0x0800e13f   0x000000c9   Data   RO         1286    .constdata          device.o
    0x0800e208   0x0800e208   0x00000016   Data   RO         1300    .constdata          idle.o
    0x0800e21e   0x0800e21e   0x000001f7   Data   RO         1318    .constdata          ipc.o
    0x0800e415   0x0800e415   0x00000122   Data   RO         1352    .constdata          kservice.o
    0x0800e537   0x0800e537   0x00000046   Data   RO         1372    .constdata          mem.o
    0x0800e57d   0x0800e57d   0x0000003e   Data   RO         1417    .constdata          mempool.o
    0x0800e5bb   0x0800e5bb   0x00000080   Data   RO         1435    .constdata          object.o
    0x0800e63b   0x0800e63b   0x0000004e   Data   RO         1455    .constdata          scheduler.o
    0x0800e689   0x0800e689   0x00000048   Data   RO         1475    .constdata          signal.o
    0x0800e6d1   0x0800e6d1   0x0000005c   Data   RO         1505    .constdata          timer.o
    0x0800e72d   0x0800e72d   0x000000b9   Data   RO         1524    .constdata          thread.o
    0x0800e7e6   0x0800e7e6   0x00000013   Data   RO         1544    .constdata          cpuport.o
    0x0800e7f9   0x0800e7f9   0x0000007e   Data   RO         1565    .constdata          pin.o
    0x0800e877   0x0800e877   0x000000b5   Data   RO         1582    .constdata          serial.o
    0x0800e92c   0x0800e92c   0x0000005b   Data   RO         1596    .constdata          shell.o
    0x0800e987   0x0800e987   0x00000001   PAD
    0x0800e988   0x0800e988   0x00000050   Data   RO         1636    .constdata          cmd.o
    0x0800e9d8   0x0800e9d8   0x0000000e   Data   RO         1657    .constdata          msh.o
    0x0800e9e6   0x0800e9e6   0x00000002   PAD
    0x0800e9e8   0x0800e9e8   0x00000043   Data   RO          109    .conststring        board.o
    0x0800ea2b   0x0800ea2b   0x00000001   PAD
    0x0800ea2c   0x0800ea2c   0x0000015a   Data   RO         1319    .conststring        ipc.o
    0x0800eb86   0x0800eb86   0x00000002   PAD
    0x0800eb88   0x0800eb88   0x000000ed   Data   RO         1373    .conststring        mem.o
    0x0800ec75   0x0800ec75   0x00000003   PAD
    0x0800ec78   0x0800ec78   0x00000042   Data   RO         1525    .conststring        thread.o
    0x0800ecba   0x0800ecba   0x00000002   PAD
    0x0800ecbc   0x0800ecbc   0x0000015d   Data   RO         1637    .conststring        cmd.o
    0x0800ee19   0x0800ee19   0x00000027   Data   RO         1375    .rodata.name        mem.o
    0x0800ee40   0x0800ee40   0x00000069   Data   RO         1566    .rodata.name        pin.o
    0x0800eea9   0x0800eea9   0x00000385   Data   RO         1638    .rodata.name        cmd.o
    0x0800f22e   0x0800f22e   0x00000021   Data   RO         1658    .rodata.name        msh.o
    0x0800f24f   0x0800f24f   0x0000007b   Data   RO         1674    .rodata.name        msh_cmd.o
    0x0800f2ca   0x0800f2ca   0x00000022   Data   RO         1696    .rodata.name        dynmem_sample.o
    0x0800f2ec   0x0800f2ec   0x00000020   Data   RO         1713    .rodata.name        event_sample.o
    0x0800f30c   0x0800f30c   0x00000028   Data   RO         1730    .rodata.name        idlehook_sample.o
    0x0800f334   0x0800f334   0x00000028   Data   RO         1747    .rodata.name        interrupt_sample.o
    0x0800f35c   0x0800f35c   0x00000024   Data   RO         1765    .rodata.name        mailbox_sample.o
    0x0800f380   0x0800f380   0x00000024   Data   RO         1783    .rodata.name        memp_sample.o
    0x0800f3a4   0x0800f3a4   0x0000001e   Data   RO         1800    .rodata.name        msgq_sample.o
    0x0800f3c2   0x0800f3c2   0x00000020   Data   RO         1818    .rodata.name        mutex_sample.o
    0x0800f3e2   0x0800f3e2   0x00000029   Data   RO         1835    .rodata.name        priority_inversion.o
    0x0800f40b   0x0800f40b   0x00000031   Data   RO         1853    .rodata.name        producer_consumer.o
    0x0800f43c   0x0800f43c   0x0000002b   Data   RO         1870    .rodata.name        scheduler_hook.o
    0x0800f467   0x0800f467   0x00000028   Data   RO         1888    .rodata.name        semaphore_sample.o
    0x0800f48f   0x0800f48f   0x00000022   Data   RO         1905    .rodata.name        signal_sample.o
    0x0800f4b1   0x0800f4b1   0x00000022   Data   RO         1923    .rodata.name        thread_sample.o
    0x0800f4d3   0x0800f4d3   0x00000020   Data   RO         1940    .rodata.name        timer_sample.o
    0x0800f4f3   0x0800f4f3   0x00000028   Data   RO         1956    .rodata.name        timeslice_sample.o
    0x0800f51b   0x0800f51b   0x00000001   PAD
    0x0800f51c   0x0800f51c   0x00000004   Data   RO         1268    .rti_fn.0           components.o
    0x0800f520   0x0800f520   0x00000004   Data   RO         1269    .rti_fn.0.end       components.o
    0x0800f524   0x0800f524   0x00000004   Data   RO          249    .rti_fn.1           drv_gpio.o
    0x0800f528   0x0800f528   0x00000004   Data   RO          279    .rti_fn.1           drv_usart.o
    0x0800f52c   0x0800f52c   0x00000004   Data   RO         1270    .rti_fn.1.end       components.o
    0x0800f530   0x0800f530   0x00000004   Data   RO         1598    .rti_fn.6           shell.o
    0x0800f534   0x0800f534   0x00000004   Data   RO         1271    .rti_fn.6.end       components.o
    0x0800f538   0x0800f538   0x0000000c   Data   RO         1376    FSymTab             mem.o
    0x0800f544   0x0800f544   0x00000024   Data   RO         1567    FSymTab             pin.o
    0x0800f568   0x0800f568   0x00000120   Data   RO         1639    FSymTab             cmd.o
    0x0800f688   0x0800f688   0x0000000c   Data   RO         1659    FSymTab             msh.o
    0x0800f694   0x0800f694   0x00000024   Data   RO         1675    FSymTab             msh_cmd.o
    0x0800f6b8   0x0800f6b8   0x0000000c   Data   RO         1697    FSymTab             dynmem_sample.o
    0x0800f6c4   0x0800f6c4   0x0000000c   Data   RO         1714    FSymTab             event_sample.o
    0x0800f6d0   0x0800f6d0   0x0000000c   Data   RO         1731    FSymTab             idlehook_sample.o
    0x0800f6dc   0x0800f6dc   0x0000000c   Data   RO         1748    FSymTab             interrupt_sample.o
    0x0800f6e8   0x0800f6e8   0x0000000c   Data   RO         1766    FSymTab             mailbox_sample.o
    0x0800f6f4   0x0800f6f4   0x0000000c   Data   RO         1784    FSymTab             memp_sample.o
    0x0800f700   0x0800f700   0x0000000c   Data   RO         1801    FSymTab             msgq_sample.o
    0x0800f70c   0x0800f70c   0x0000000c   Data   RO         1819    FSymTab             mutex_sample.o
    0x0800f718   0x0800f718   0x0000000c   Data   RO         1836    FSymTab             priority_inversion.o
    0x0800f724   0x0800f724   0x0000000c   Data   RO         1854    FSymTab             producer_consumer.o
    0x0800f730   0x0800f730   0x0000000c   Data   RO         1871    FSymTab             scheduler_hook.o
    0x0800f73c   0x0800f73c   0x0000000c   Data   RO         1889    FSymTab             semaphore_sample.o
    0x0800f748   0x0800f748   0x0000000c   Data   RO         1906    FSymTab             signal_sample.o
    0x0800f754   0x0800f754   0x0000000c   Data   RO         1924    FSymTab             thread_sample.o
    0x0800f760   0x0800f760   0x0000000c   Data   RO         1941    FSymTab             timer_sample.o
    0x0800f76c   0x0800f76c   0x0000000c   Data   RO         1957    FSymTab             timeslice_sample.o
    0x0800f778   0x0800f778   0x00000020   Data   RO         2008    Region$$Table       anon$$obj.o


    Execution Region RW_IRAM1 (Exec base: 0x20000000, Load base: 0x0800f798, Size: 0x00005830, Max: 0x00018000, ABSOLUTE, COMPRESSED[0x00000094])

    Exec Addr    Load Addr    Size         Type   Attr      Idx    E Section Name        Object

    0x20000000   COMPRESSED   0x000000c0   Data   RW          248    .data               drv_gpio.o
    0x200000c0   COMPRESSED   0x00000044   Data   RW          278    .data               drv_usart.o
    0x20000104   COMPRESSED   0x00000004   Data   RW          314    .data               system_stm32f1xx.o
    0x20000108   COMPRESSED   0x00000004   Data   RW          880    .data               stm32f1xx_hal.o
    0x2000010c   COMPRESSED   0x00000004   Data   RW         1253    .data               clock.o
    0x20000110   COMPRESSED   0x00000009   Data   RW         1336    .data               irq.o
    0x20000119   COMPRESSED   0x00000003   PAD
    0x2000011c   COMPRESSED   0x0000000c   Data   RW         1353    .data               kservice.o
    0x20000128   COMPRESSED   0x00000020   Data   RW         1374    .data               mem.o
    0x20000148   COMPRESSED   0x00000008   Data   RW         1418    .data               mempool.o
    0x20000150   COMPRESSED   0x000000b4   Data   RW         1436    .data               object.o
    0x20000204   COMPRESSED   0x0000001c   Data   RW         1456    .data               scheduler.o
    0x20000220   COMPRESSED   0x00000004   Data   RW         1476    .data               signal.o
    0x20000224   COMPRESSED   0x00000010   Data   RW         1506    .data               timer.o
    0x20000234   COMPRESSED   0x0000000c   Data   RW         1526    .data               thread.o
    0x20000240   COMPRESSED   0x00000010   Data   RW         1545    .data               cpuport.o
    0x20000250   COMPRESSED   0x00000004   Data   RW         1597    .data               shell.o
    0x20000254   COMPRESSED   0x00000010   Data   RW         1619    .data               symbol.o
    0x20000264   COMPRESSED   0x00000008   Data   RW         1729    .data               idlehook_sample.o
    0x2000026c   COMPRESSED   0x00000004   Data   RW         1746    .data               interrupt_sample.o
    0x20000270   COMPRESSED   0x00000027   Data   RW         1764    .data               mailbox_sample.o
    0x20000297   COMPRESSED   0x00000001   PAD
    0x20000298   COMPRESSED   0x00000008   Data   RW         1782    .data               memp_sample.o
    0x200002a0   COMPRESSED   0x00000006   Data   RW         1817    .data               mutex_sample.o
    0x200002a6   COMPRESSED   0x00000002   PAD
    0x200002a8   COMPRESSED   0x00000010   Data   RW         1834    .data               priority_inversion.o
    0x200002b8   COMPRESSED   0x00000010   Data   RW         1852    .data               producer_consumer.o
    0x200002c8   COMPRESSED   0x00000010   Data   RW         1869    .data               scheduler_hook.o
    0x200002d8   COMPRESSED   0x0000000d   Data   RW         1887    .data               semaphore_sample.o
    0x200002e5   COMPRESSED   0x00000003   PAD
    0x200002e8   COMPRESSED   0x00000004   Data   RW         1904    .data               signal_sample.o
    0x200002ec   COMPRESSED   0x00000004   Data   RW         1922    .data               thread_sample.o
    0x200002f0   COMPRESSED   0x0000000c   Data   RW         1939    .data               timer_sample.o
    0x200002fc        -       0x00000054   Zero   RW          276    .bss                drv_usart.o
    0x20000350        -       0x000001a4   Zero   RW         1299    .bss                idle.o
    0x200004f4        -       0x00000080   Zero   RW         1351    .bss                kservice.o
    0x20000574        -       0x00000020   Zero   RW         1371    .bss                mem.o
    0x20000594        -       0x00000100   Zero   RW         1454    .bss                scheduler.o
    0x20000694        -       0x00000044   Zero   RW         1564    .bss                pin.o
    0x200006d8        -       0x00000081   Zero   RW         1595    .bss                shell.o
    0x20000759   COMPRESSED   0x00000003   PAD
    0x2000075c        -       0x00000948   Zero   RW         1712    .bss                event_sample.o
    0x200010a4        -       0x000009d8   Zero   RW         1763    .bss                mailbox_sample.o
    0x20001a7c        -       0x00001100   Zero   RW         1781    .bss                memp_sample.o
    0x20002b7c        -       0x0000115c   Zero   RW         1799    .bss                msgq_sample.o
    0x20003cd8        -       0x00000928   Zero   RW         1816    .bss                mutex_sample.o
    0x20004600        -       0x00000074   Zero   RW         1851    .bss                producer_consumer.o
    0x20004674        -       0x00000928   Zero   RW         1886    .bss                semaphore_sample.o
    0x20004f9c        -       0x00000494   Zero   RW         1921    .bss                thread_sample.o
    0x20005430        -       0x00000400   Zero   RW         1245    STACK               startup_stm32f103xe.o


==============================================================================

Image component sizes


      Code (inc. data)   RO Data    RW Data    ZI Data      Debug   Object Name

       400         80         86          0          0     445482   board.o
       108          6          0          4          0       1400   clock.o
      3068       1334       1618          0          0      14891   cmd.o
       220         42         36          0          0       2594   components.o
       240         26          0          0          0        764   context_rvds.o
      1492        718         19         16          0       3879   cpuport.o
      1328        312        201          0          0       5638   device.o
      1404         44       2412        192          0       7486   drv_gpio.o
      1228        178        115         68         84      26347   drv_usart.o
       208         92         46          0          0       1627   dynmem_sample.o
       516        264         44          0       2376       1993   event_sample.o
       468         78         22          0        420       5320   idle.o
       312        136         52          8          0       1797   idlehook_sample.o
       184         58         52          4          0       1682   interrupt_sample.o
      7176       1040        849          0          0      22235   ipc.o
       124         14          0          9          0       1824   irq.o
      2736        228        290         12        128      12212   kservice.o
       404        174         48         39       2520       2153   mailbox_sample.o
         4          0          0          0          0      23069   main.o
      2292        644        358         32         32       5423   mem.o
       352        118         48          8       4352       1929   memp_sample.o
      1264        264         62          8          0       6958   mempool.o
       604        296         42          0       4444       2081   msgq_sample.o
       872        136         59          0          0       4248   msh.o
        34          0        159          0          0       2227   msh_cmd.o
       432        178         44          6       2344       1925   mutex_sample.o
       888        186        128        180          0       8179   object.o
       592         94        267          0         68       5031   pin.o
       596        218         53         16          0       2145   priority_inversion.o
       728        290         61         16        116       2251   producer_consumer.o
       776        148         78         28        256       6489   scheduler.o
       216         82         55         16          0       1843   scheduler_hook.o
       508        264         52         13       2344       2041   semaphore_sample.o
      1328        148        181          0          0       5877   serial.o
      2236        222         95          4        129       5861   shell.o
      1476        172         72          4          0       8168   signal.o
       188         64         46          4          0       1764   signal_sample.o
        36          8        304          0       1024        880   startup_stm32f103xe.o
       348         30          0          4          0       4063   stm32f1xx_hal.o
       708         22          0          0          0      27278   stm32f1xx_hal_cortex.o
      3812         40          0          0          0       6633   stm32f1xx_hal_dma.o
      1256         42          0          0          0       3899   stm32f1xx_hal_gpio.o
      2216         94          0          0          0       5275   stm32f1xx_hal_rcc.o
      4618         46          0          0          0      15876   stm32f1xx_hal_uart.o
        16          0          0          0          0        817   stm32f1xx_it.o
         0          0          0         16          0       5057   symbol.o
       244         32         24          4          0       1685   system_stm32f1xx.o
      2040        416        251         12          0      10506   thread.o
       244         96         46          4       1172       1817   thread_sample.o
      1436        268         92         16          0       8619   timer.o
       260        128         44         12          0       1665   timer_sample.o
       180         66         52          0          0       1645   timeslice_sample.o

    ----------------------------------------------------------------------
     54420       9636       8608        764      21812     752548   Object Totals
         0          0         32          0          0          0   (incl. Generated)
         4          0         13          9          3          0   (incl. Padding)

    ----------------------------------------------------------------------

      Code (inc. data)   RO Data    RW Data    ZI Data      Debug   Library Member Name

        86          0          0          0          0          0   __dczerorl2.o
         0          0          0          0          0          0   entry.o
         0          0          0          0          0          0   entry10a.o
         0          0          0          0          0          0   entry11a.o
         8          4          0          0          0          0   entry2.o
         4          0          0          0          0          0   entry5.o
         0          0          0          0          0          0   entry7b.o
         0          0          0          0          0          0   entry8b.o
         8          4          0          0          0          0   entry9a.o
        30          0          0          0          0          0   handlers.o
        36          8          0          0          0         68   init.o
        26          0          0          0          0         80   memcmp.o
        36          0          0          0          0         68   memcpya.o
        36          0          0          0          0        108   memseta.o
        24          0          0          0          0         68   strcat.o
        18          0          0          0          0         68   strcpy.o
        14          0          0          0          0         68   strlen.o
        30          0          0          0          0         80   strncmp.o

    ----------------------------------------------------------------------
       356         16          0          0          0        608   Library Totals
         0          0          0          0          0          0   (incl. Padding)

    ----------------------------------------------------------------------

      Code (inc. data)   RO Data    RW Data    ZI Data      Debug   Library Name

       356         16          0          0          0        608   mc_w.l

    ----------------------------------------------------------------------
       356         16          0          0          0        608   Library Totals

    ----------------------------------------------------------------------

==============================================================================


      Code (inc. data)   RO Data    RW Data    ZI Data      Debug   

     54776       9652       8608        764      21812     748812   Grand Totals
     54776       9652       8608        148      21812     748812   ELF Image Totals (compressed)
     54776       9652       8608        148          0          0   ROM Totals

==============================================================================

    Total RO  Size (Code + RO Data)                63384 (  61.90kB)
    Total RW  Size (RW Data + ZI Data)             22576 (  22.05kB)
    Total ROM Size (Code + RO Data + RW Data)      63532 (  62.04kB)

==============================================================================

